Archive member included to satisfy reference by file (symbol)

C:/nxp/MCUXpressoIDE_25.6.136/ide/plugins/com.nxp.mcuxpresso.tools.win32_25.6.0.202501151204/tools/bin/../lib/gcc/arm-none-eabi/14.2.1/../../../../arm-none-eabi/lib/thumb/v6-m/nofp\libcr_nohost_nf.a(_cr__main.o)
                              ./startup/startup_mcxc444.o (__main)
C:/nxp/MCUXpressoIDE_25.6.136/ide/plugins/com.nxp.mcuxpresso.tools.win32_25.6.0.202501151204/tools/bin/../lib/gcc/arm-none-eabi/14.2.1/../../../../arm-none-eabi/lib/thumb/v6-m/nofp\libcr_c.a(memcpy.o)
                              ./utilities/str/fsl_str.o (memcpy)
C:/nxp/MCUXpressoIDE_25.6.136/ide/plugins/com.nxp.mcuxpresso.tools.win32_25.6.0.202501151204/tools/bin/../lib/gcc/arm-none-eabi/14.2.1/../../../../arm-none-eabi/lib/thumb/v6-m/nofp\libcr_c.a(memset.o)
                              ./utilities/debug_console/fsl_debug_console.o (memset)
C:/nxp/MCUXpressoIDE_25.6.136/ide/plugins/com.nxp.mcuxpresso.tools.win32_25.6.0.202501151204/tools/bin/../lib/gcc/arm-none-eabi/14.2.1/../../../../arm-none-eabi/lib/thumb/v6-m/nofp\libcr_c.a(alloc.o)
                              ./drivers/fsl_common.o (malloc)
C:/nxp/MCUXpressoIDE_25.6.136/ide/plugins/com.nxp.mcuxpresso.tools.win32_25.6.0.202501151204/tools/bin/../lib/gcc/arm-none-eabi/14.2.1/../../../../arm-none-eabi/lib/thumb/v6-m/nofp\libcr_c.a(errno.o)
                              ./utilities/str/fsl_str.o (errno)
C:/nxp/MCUXpressoIDE_25.6.136/ide/plugins/com.nxp.mcuxpresso.tools.win32_25.6.0.202501151204/tools/bin/../lib/gcc/arm-none-eabi/14.2.1/../../../../arm-none-eabi/lib/thumb/v6-m/nofp\libcr_c.a(initio.o)
                              C:/nxp/MCUXpressoIDE_25.6.136/ide/plugins/com.nxp.mcuxpresso.tools.win32_25.6.0.202501151204/tools/bin/../lib/gcc/arm-none-eabi/14.2.1/../../../../arm-none-eabi/lib/thumb/v6-m/nofp\libcr_nohost_nf.a(_cr__main.o) (_initio)
C:/nxp/MCUXpressoIDE_25.6.136/ide/plugins/com.nxp.mcuxpresso.tools.win32_25.6.0.202501151204/tools/bin/../lib/gcc/arm-none-eabi/14.2.1/../../../../arm-none-eabi/lib/thumb/v6-m/nofp\libcr_c.a(scanf.o)
                              ./utilities/str/fsl_str.o (strtoul)
C:/nxp/MCUXpressoIDE_25.6.136/ide/plugins/com.nxp.mcuxpresso.tools.win32_25.6.0.202501151204/tools/bin/../lib/gcc/arm-none-eabi/14.2.1/../../../../arm-none-eabi/lib/thumb/v6-m/nofp\libcr_c.a(setvbuf.o)
                              C:/nxp/MCUXpressoIDE_25.6.136/ide/plugins/com.nxp.mcuxpresso.tools.win32_25.6.0.202501151204/tools/bin/../lib/gcc/arm-none-eabi/14.2.1/../../../../arm-none-eabi/lib/thumb/v6-m/nofp\libcr_c.a(initio.o) (setvbuf)
C:/nxp/MCUXpressoIDE_25.6.136/ide/plugins/com.nxp.mcuxpresso.tools.win32_25.6.0.202501151204/tools/bin/../lib/gcc/arm-none-eabi/14.2.1/../../../../arm-none-eabi/lib/thumb/v6-m/nofp\libcr_c.a(strlen.o)
                              ./utilities/str/fsl_str.o (strlen)
C:/nxp/MCUXpressoIDE_25.6.136/ide/plugins/com.nxp.mcuxpresso.tools.win32_25.6.0.202501151204/tools/bin/../lib/gcc/arm-none-eabi/14.2.1/../../../../arm-none-eabi/lib/thumb/v6-m/nofp\libcr_c.a(ungetc.o)
                              C:/nxp/MCUXpressoIDE_25.6.136/ide/plugins/com.nxp.mcuxpresso.tools.win32_25.6.0.202501151204/tools/bin/../lib/gcc/arm-none-eabi/14.2.1/../../../../arm-none-eabi/lib/thumb/v6-m/nofp\libcr_c.a(scanf.o) (ungetc)
C:/nxp/MCUXpressoIDE_25.6.136/ide/plugins/com.nxp.mcuxpresso.tools.win32_25.6.0.202501151204/tools/bin/../lib/gcc/arm-none-eabi/14.2.1/../../../../arm-none-eabi/lib/thumb/v6-m/nofp\libcr_c.a(__fillbuf.o)
                              C:/nxp/MCUXpressoIDE_25.6.136/ide/plugins/com.nxp.mcuxpresso.tools.win32_25.6.0.202501151204/tools/bin/../lib/gcc/arm-none-eabi/14.2.1/../../../../arm-none-eabi/lib/thumb/v6-m/nofp\libcr_c.a(scanf.o) (__filbuf)
C:/nxp/MCUXpressoIDE_25.6.136/ide/plugins/com.nxp.mcuxpresso.tools.win32_25.6.0.202501151204/tools/bin/../lib/gcc/arm-none-eabi/14.2.1/../../../../arm-none-eabi/lib/thumb/v6-m/nofp\libcr_c.a(__init_alloc.o)
                              C:/nxp/MCUXpressoIDE_25.6.136/ide/plugins/com.nxp.mcuxpresso.tools.win32_25.6.0.202501151204/tools/bin/../lib/gcc/arm-none-eabi/14.2.1/../../../../arm-none-eabi/lib/thumb/v6-m/nofp\libcr_c.a(alloc.o) (__heaps)
C:/nxp/MCUXpressoIDE_25.6.136/ide/plugins/com.nxp.mcuxpresso.tools.win32_25.6.0.202501151204/tools/bin/../lib/gcc/arm-none-eabi/14.2.1/../../../../arm-none-eabi/lib/thumb/v6-m/nofp\libcr_c.a(_cr_sbrk.o)
                              C:/nxp/MCUXpressoIDE_25.6.136/ide/plugins/com.nxp.mcuxpresso.tools.win32_25.6.0.202501151204/tools/bin/../lib/gcc/arm-none-eabi/14.2.1/../../../../arm-none-eabi/lib/thumb/v6-m/nofp\libcr_c.a(alloc.o) (_sbrk)
C:/nxp/MCUXpressoIDE_25.6.136/ide/plugins/com.nxp.mcuxpresso.tools.win32_25.6.0.202501151204/tools/bin/../lib/gcc/arm-none-eabi/14.2.1/../../../../arm-none-eabi/lib/thumb/v6-m/nofp\libcr_c.a(_deferredlazyseek.o)
[...]
Memory Configuration

Name             Origin             Length             Attributes
PROGRAM_FLASH    0x00000000         0x00040000         xr
SRAM             0x1fffe000         0x00008000         xrw
*default*        0x00000000         0xffffffff

Linker script and memory map

LOAD ./utilities/str/fsl_str.o
LOAD ./utilities/debug_console/fsl_debug_console.o
LOAD ./utilities/fsl_assert.o
LOAD ./startup/startup_mcxc444.o
LOAD ./source/FinalProject.o
LOAD ./source/light_sensor.o
LOAD ./source/mtb.o
LOAD ./source/semihost_hardfault.o
LOAD ./source/shared_data.o
LOAD ./source/sound_sensor.o
LOAD ./source/tap.o
LOAD ./freertos/freertos-kernel/portable/MemMang/heap_4.o
LOAD ./freertos/freertos-kernel/portable/GCC/ARM_CM0/mpu_wrappers_v2_asm.o
LOAD ./freertos/freertos-kernel/portable/GCC/ARM_CM0/port.o
LOAD ./freertos/freertos-kernel/portable/GCC/ARM_CM0/portasm.o
LOAD ./freertos/freertos-kernel/croutine.o
LOAD ./freertos/freertos-kernel/event_groups.o
LOAD ./freertos/freertos-kernel/list.o
LOAD ./freertos/freertos-kernel/queue.o
LOAD ./freertos/freertos-kernel/stream_buffer.o
LOAD ./freertos/freertos-kernel/tasks.o
LOAD ./freertos/freertos-kernel/timers.o
LOAD ./drivers/fsl_clock.o
LOAD ./drivers/fsl_common.o
LOAD ./drivers/fsl_common_arm.o
LOAD ./drivers/fsl_gpio.o
LOAD ./drivers/fsl_lpuart.o
LOAD ./drivers/fsl_smc.o
LOAD ./device/system_MCXC444.o
LOAD ./component/uart/fsl_adapter_lpuart.o
LOAD ./component/serial_manager/fsl_component_serial_manager.o
LOAD ./component/serial_manager/fsl_component_serial_port_uart.o
LOAD ./component/lists/fsl_component_generic_list.o
LOAD ./board/board.o
LOAD ./board/clock_config.o
LOAD ./board/peripherals.o
LOAD ./board/pin_mux.o
START GROUP
LOAD C:/nxp/MCUXpressoIDE_25.6.136/ide/plugins/com.nxp.mcuxpresso.tools.win32_25.6.0.202501151204/tools/bin/../lib/gcc/arm-none-eabi/14.2.1/../../../../arm-none-eabi/lib/thumb/v6-m/nofp\libcr_nohost_nf.a
LOAD C:/nxp/MCUXpressoIDE_25.6.136/ide/plugins/com.nxp.mcuxpresso.tools.win32_25.6.0.202501151204/tools/bin/../lib/gcc/arm-none-eabi/14.2.1/../../../../arm-none-eabi/lib/thumb/v6-m/nofp\libcr_c.a
LOAD C:/nxp/MCUXpressoIDE_25.6.136/ide/plugins/com.nxp.mcuxpresso.tools.win32_25.6.0.202501151204/tools/bin/../lib/gcc/arm-none-eabi/14.2.1/thumb/v6-m/nofp\libcr_eabihelpers.a
LOAD C:/nxp/MCUXpressoIDE_25.6.136/ide/plugins/com.nxp.mcuxpresso.tools.win32_25.6.0.202501151204/tools/bin/../lib/gcc/arm-none-eabi/14.2.1/thumb/v6-m/nofp\libgcc.a
END GROUP
                0x00000000                        __base_PROGRAM_FLASH = 0x0
                0x00000000                        __base_Flash = 0x0
                0x00040000                        __top_PROGRAM_FLASH = 0x40000
                0x00040000                        __top_Flash = 0x40000
                0x1fffe000                        __base_SRAM = 0x1fffe000
                0x1fffe000                        __base_RAM = 0x1fffe000
                0x20006000                        __top_SRAM = 0x20006000
                0x20006000                        __top_RAM = 0x20006000

.text           0x00000000     0x69e4
 FILL mask 0xff
                0x00000000                        __vectors_start__ = ABSOLUTE (.)
 *(SORT_BY_ALIGNMENT(.isr_vector))
 .isr_vector    0x00000000       0xc0 ./startup/startup_mcxc444.o
                0x00000000                g_pfnVectors
                0x00000000                __Vectors
                0x000000c0                        . = ALIGN (0x4)
                0x000000c0                        __section_table_start = .
                0x000000c0                        __data_section_table = .
                0x000000c0        0x4 LONG 0x69e4 LOADADDR (.data)
                0x000000c4        0x4 LONG 0x1fffe080 ADDR (.data)
                0x000000c8        0x4 LONG 0x8 SIZEOF (.data)
                0x000000cc                        __data_section_table_end = .
                0x000000cc                        __bss_section_table = .
                0x000000cc        0x4 LONG 0x1fffe088 ADDR (.bss)
                0x000000d0        0x4 LONG 0x2abc SIZEOF (.bss)
                0x000000d4                        __bss_section_table_end = .
                0x000000d4                        __section_table_end = .
 *(SORT_BY_ALIGNMENT(.after_vectors*))
 .after_vectors.reset
                0x000000d4       0x4c ./startup/startup_mcxc444.o
                0x000000d4                ResetISR
 .after_vectors.init_data
                0x00000120       0x12 ./startup/startup_mcxc444.o
                0x00000120                data_init
 .after_vectors.init_bss
                0x00000132       0x10 ./startup/startup_mcxc444.o
                0x00000132                bss_init
 .after_vectors
                0x00000142      0x10c ./startup/startup_mcxc444.o
                0x00000142                NMI_Handler
                0x0000014c                PIT_DriverIRQHandler
                0x0000014c                I2C0_DriverIRQHandler
                0x0000014c                DMA0_DriverIRQHandler
                0x0000014c                Reserved42_DriverIRQHandler
                0x0000014c                SPI1_DriverIRQHandler
                0x0000014c                LPTMR0_DriverIRQHandler
                0x0000014c                PORTC_PORTD_DriverIRQHandler
                0x0000014c                PMC_DriverIRQHandler
                0x0000014c                Reserved43_DriverIRQHandler
                0x0000014c                I2S0_DriverIRQHandler
                0x0000014c                DMA2_DriverIRQHandler
                0x0000014c                TPM2_DriverIRQHandler
                0x0000014c                CMP0_DriverIRQHandler
                0x0000014c                ADC0_DriverIRQHandler
                0x0000014c                SPI0_DriverIRQHandler
                0x0000014c                RTC_Seconds_DriverIRQHandler
                0x0000014c                LLWU_DriverIRQHandler
                0x0000014c                I2C1_DriverIRQHandler
                0x0000014c                UART2_FLEXIO_DriverIRQHandler
                0x0000014c                FTFA_DriverIRQHandler
                0x0000014c                IntDefaultHandler
                0x0000014c                USB0_DriverIRQHandler
                0x0000014c                DAC0_DriverIRQHandler
                0x0000014c                TPM0_DriverIRQHandler
                0x0000014c                DMA1_DriverIRQHandler
                0x0000014c                LCD_DriverIRQHandler
                0x0000014c                RTC_DriverIRQHandler
                0x0000014c                TPM1_DriverIRQHandler
                0x0000014c                Reserved20_DriverIRQHandler
                0x0000014c                DMA3_DriverIRQHandler
                0x0000014c                PORTA_DriverIRQHandler
                0x0000014e                DMA0_IRQHandler
                0x00000156                DMA1_IRQHandler
                0x0000015e                DMA2_IRQHandler
                0x00000166                DMA3_IRQHandler
                0x0000016e                Reserved20_IRQHandler
                0x00000176                FTFA_IRQHandler
                0x0000017e                PMC_IRQHandler
                0x00000186                LLWU_IRQHandler
                0x0000018e                I2C0_IRQHandler
                0x00000196                I2C1_IRQHandler
                0x0000019e                SPI0_IRQHandler
                0x000001a6                SPI1_IRQHandler
                0x000001ae                LPUART0_IRQHandler
                0x000001b6                LPUART1_IRQHandler
                0x000001be                UART2_FLEXIO_IRQHandler
                0x000001ce                CMP0_IRQHandler
                0x000001d6                TPM0_IRQHandler
                0x000001de                TPM1_IRQHandler
                0x000001e6                TPM2_IRQHandler
                0x000001ee                RTC_IRQHandler
                0x000001f6                RTC_Seconds_IRQHandler
                0x000001fe                PIT_IRQHandler
                0x00000206                I2S0_IRQHandler
                0x0000020e                USB0_IRQHandler
                0x00000216                DAC0_IRQHandler
                0x0000021e                Reserved42_IRQHandler
                0x00000226                Reserved43_IRQHandler
                0x0000022e                LPTMR0_IRQHandler
                0x00000236                LCD_IRQHandler
                0x0000023e                PORTA_IRQHandler
                0x00000400                        . = 0x400
 *fill*         0x0000024e      0x1b2 ff
                0x00000400                        PROVIDE (__FLASH_CONFIG_START__ = .)
 *(SORT_BY_ALIGNMENT(.FlashConfig))
 .FlashConfig   0x00000400       0x10 ./startup/startup_mcxc444.o
                0x00000400                Flash_Config
                0x00000410                        PROVIDE (__FLASH_CONFIG_END__ = .)
                0x00000001                        ASSERT (! ((__FLASH_CONFIG_START__ == __FLASH_CONFIG_END__)), Linker Flash Config Support Enabled, but no .FlashConfig section provided within application)
 *(SORT_BY_ALIGNMENT(.text*))
 .text.vRestoreContextOfFirstTask
                0x00000410       0x28 ./freertos/freertos-kernel/portable/GCC/ARM_CM0/portasm.o
                0x00000410                vRestoreContextOfFirstTask
 *fill*         0x00000438        0x8 ff
 .text.vStartFirstTask
                0x00000440       0x14 ./freertos/freertos-kernel/portable/GCC/ARM_CM0/portasm.o
                0x00000440                vStartFirstTask
 *fill*         0x00000454        0xc ff
 .text.PendSV_Handler
                0x00000460       0x48 ./freertos/freertos-kernel/portable/GCC/ARM_CM0/portasm.o
                0x00000460                PendSV_Handler
 *fill*         0x000004a8        0x8 ff
 .text.SVC_Handler
                0x000004b0       0x28 ./freertos/freertos-kernel/portable/GCC/ARM_CM0/portasm.o
                0x000004b0                SVC_Handler
 .text.DbgConsole_SendDataReliable
                0x000004d8       0x5c ./utilities/debug_console/fsl_debug_console.o
                0x000004d8                DbgConsole_SendDataReliable
 .text.DbgConsole_Init
                0x00000534      0x1a4 ./utilities/debug_console/fsl_debug_console.o
                0x00000534                DbgConsole_Init
 .text.DbgConsole_Vprintf
                0x000006d8       0x70 ./utilities/debug_console/fsl_debug_console.o
                0x000006d8                DbgConsole_Vprintf
 .text.__assertion_failed
                0x00000748       0x34 ./utilities/fsl_assert.o
                0x00000748                __assertion_failed
 .text.main     0x0000077c       0xbc ./source/FinalProject.o
                0x0000077c                main
 .text.__NVIC_EnableIRQ
                0x00000838       0x34 ./source/light_sensor.o
 .text.__NVIC_DisableIRQ
                0x0000086c       0x44 ./source/light_sensor.o
 .text.__NVIC_ClearPendingIRQ
                0x000008b0       0x38 ./source/light_sensor.o
 .text.__NVIC_SetPriority
                0x000008e8       0xdc ./source/light_sensor.o
 .text.initLightADC
                0x000009c4       0xf8 ./source/light_sensor.o
                0x000009c4                initLightADC
 .text.startLightADC
                0x00000abc       0x14 ./source/light_sensor.o
                0x00000abc                startLightADC
 .text.ADC0_IRQHandler
                0x00000ad0       0x54 ./source/light_sensor.o
                0x00000ad0                ADC0_IRQHandler
 .text.LIGHT_SENSOR_Task
                0x00000b24       0xb0 ./source/light_sensor.o
                0x00000b24                LIGHT_SENSOR_Task
 .text.HardFault_Handler
                0x00000bd4       0x38 ./source/semihost_hardfault.o
                0x00000bd4                HardFault_Handler
 .text.vPrintTask
                0x00000c0c      0x110 ./source/shared_data.o
                0x00000c0c                vPrintTask
 .text.__NVIC_EnableIRQ
                0x00000d1c       0x34 ./source/sound_sensor.o
 .text.__NVIC_DisableIRQ
                0x00000d50       0x44 ./source/sound_sensor.o
 .text.adc_calibrate
                0x00000d94      0x210 ./source/sound_sensor.o
 .text.sound_sensor_init
                0x00000fa4      0x114 ./source/sound_sensor.o
                0x00000fa4                sound_sensor_init
 .text.sound_sensor_read
                0x000010b8       0x2c ./source/sound_sensor.o
                0x000010b8                sound_sensor_read
 .text.vSoundTask
                0x000010e4      0x1d0 ./source/sound_sensor.o
                0x000010e4                vSoundTask
 .text.__NVIC_EnableIRQ
                0x000012b4       0x34 ./source/tap.o
 .text.__NVIC_ClearPendingIRQ
                0x000012e8       0x38 ./source/tap.o
 .text.__NVIC_SetPriority
                0x00001320       0xdc ./source/tap.o
 .text.TAP_Init
                0x000013fc       0x78 ./source/tap.o
                0x000013fc                TAP_Init
 .text.PORTC_PORTD_IRQHandler
                0x00001474       0x70 ./source/tap.o
                0x00001474                PORTC_PORTD_IRQHandler
 .text.vTapTask
                0x000014e4       0x68 ./source/tap.o
                0x000014e4                vTapTask
 .text.pvPortMalloc
                0x0000154c      0x1f4 ./freertos/freertos-kernel/portable/MemMang/heap_4.o
                0x0000154c                pvPortMalloc
 .text.vPortFree
                0x00001740       0xb8 ./freertos/freertos-kernel/portable/MemMang/heap_4.o
                0x00001740                vPortFree
 .text.prvHeapInit
                0x000017f8       0xb0 ./freertos/freertos-kernel/portable/MemMang/heap_4.o
 .text.prvInsertBlockIntoFreeList
                0x000018a8       0xe0 ./freertos/freertos-kernel/portable/MemMang/heap_4.o
 .text.vPortSetupTimerInterrupt
                0x00001988       0x44 ./freertos/freertos-kernel/portable/GCC/ARM_CM0/port.o
                0x00001988                vPortSetupTimerInterrupt
 .text.prvTaskExitError
                0x000019cc       0x30 ./freertos/freertos-kernel/portable/GCC/ARM_CM0/port.o
 .text.vPortYield
                0x000019fc       0x20 ./freertos/freertos-kernel/portable/GCC/ARM_CM0/port.o
                0x000019fc                vPortYield
 .text.vPortEnterCritical
                0x00001a1c       0x24 ./freertos/freertos-kernel/portable/GCC/ARM_CM0/port.o
                0x00001a1c                vPortEnterCritical
 .text.vPortExitCritical
                0x00001a40       0x30 ./freertos/freertos-kernel/portable/GCC/ARM_CM0/port.o
                0x00001a40                vPortExitCritical
 .text.SysTick_Handler
                0x00001a70       0x34 ./freertos/freertos-kernel/portable/GCC/ARM_CM0/port.o
                0x00001a70                SysTick_Handler
 .text.pxPortInitialiseStack
                0x00001aa4      0x11c ./freertos/freertos-kernel/portable/GCC/ARM_CM0/port.o
                0x00001aa4                pxPortInitialiseStack
 .text.xPortStartScheduler
                0x00001bc0       0x8c ./freertos/freertos-kernel/portable/GCC/ARM_CM0/port.o
                0x00001bc0                xPortStartScheduler
 .text.vQueueAddToRegistry
                0x00001c4c       0x8c ./freertos/freertos-kernel/queue.o
                0x00001c4c                vQueueAddToRegistry
 .text.prvInitialiseNewTask
                0x00001cd8      0x104 ./freertos/freertos-kernel/tasks.o
 .text.prvAddNewTaskToReadyList
                0x00001ddc      0x120 ./freertos/freertos-kernel/tasks.o
 .text.vTaskDelay
                0x00001efc       0x4c ./freertos/freertos-kernel/tasks.o
                0x00001efc                vTaskDelay
 .text.prvCreateIdleTasks
                0x00001f48       0x98 ./freertos/freertos-kernel/tasks.o
 .text.vTaskStartScheduler
                0x00001fe0       0x68 ./freertos/freertos-kernel/tasks.o
                0x00001fe0                vTaskStartScheduler
 .text.vTaskSuspendAll
                0x00002048       0x18 ./freertos/freertos-kernel/tasks.o
                0x00002048                vTaskSuspendAll
 .text.xTaskResumeAll
                0x00002060      0x1ec ./freertos/freertos-kernel/tasks.o
                0x00002060                xTaskResumeAll
 .text.xTaskGetTickCount
                0x0000224c       0x1c ./freertos/freertos-kernel/tasks.o
                0x0000224c                xTaskGetTickCount
 .text.xTaskGetTickCountFromISR
                0x00002268       0x20 ./freertos/freertos-kernel/tasks.o
                0x00002268                xTaskGetTickCountFromISR
 .text.uxTaskGetNumberOfTasks
                0x00002288       0x14 ./freertos/freertos-kernel/tasks.o
                0x00002288                uxTaskGetNumberOfTasks
 .text.xTaskIncrementTick
                0x0000229c      0x21c ./freertos/freertos-kernel/tasks.o
                0x0000229c                xTaskIncrementTick
 .text.vTaskSwitchContext
                0x000024b8       0xa8 ./freertos/freertos-kernel/tasks.o
                0x000024b8                vTaskSwitchContext
 .text.vTaskPlaceOnEventList
                0x00002560       0x40 ./freertos/freertos-kernel/tasks.o
                0x00002560                vTaskPlaceOnEventList
 .text.vTaskPlaceOnEventListRestricted
                0x000025a0       0x80 ./freertos/freertos-kernel/tasks.o
                0x000025a0                vTaskPlaceOnEventListRestricted
 .text.xTaskRemoveFromEventList
                0x00002620      0x19c ./freertos/freertos-kernel/tasks.o
                0x00002620                xTaskRemoveFromEventList
 .text.vTaskInternalSetTimeOutState
                0x000027bc       0x28 ./freertos/freertos-kernel/tasks.o
                0x000027bc                vTaskInternalSetTimeOutState
 .text.xTaskCheckForTimeOut
                0x000027e4       0xac ./freertos/freertos-kernel/tasks.o
                0x000027e4                xTaskCheckForTimeOut
 .text.vTaskMissedYield
                0x00002890       0x14 ./freertos/freertos-kernel/tasks.o
                0x00002890                vTaskMissedYield
 .text.prvIdleTask
                0x000028a4       0x20 ./freertos/freertos-kernel/tasks.o
 .text.prvInitialiseTaskLists
                0x000028c4       0x88 ./freertos/freertos-kernel/tasks.o
 .text.prvCheckTasksWaitingTermination
                0x0000294c       0x5c ./freertos/freertos-kernel/tasks.o
 .text.prvResetNextTaskUnblockTime
                0x000029a8       0x34 ./freertos/freertos-kernel/tasks.o
 .text.xTaskGetSchedulerState
                0x000029dc       0x38 ./freertos/freertos-kernel/tasks.o
                0x000029dc                xTaskGetSchedulerState
 .text.xTaskPriorityInherit
                0x00002a14      0x124 ./freertos/freertos-kernel/tasks.o
                0x00002a14                xTaskPriorityInherit
 .text.xTaskPriorityDisinherit
                0x00002b38      0x10c ./freertos/freertos-kernel/tasks.o
                0x00002b38                xTaskPriorityDisinherit
 .text.vTaskPriorityDisinheritAfterTimeout
                0x00002c44      0x134 ./freertos/freertos-kernel/tasks.o
                0x00002c44                vTaskPriorityDisinheritAfterTimeout
 .text.pvTaskIncrementMutexHeldCount
                0x00002d78       0x2c ./freertos/freertos-kernel/tasks.o
                0x00002d78                pvTaskIncrementMutexHeldCount
 .text.xTaskGenericNotify
                0x00002da4      0x214 ./freertos/freertos-kernel/tasks.o
                0x00002da4                xTaskGenericNotify
 .text.xTaskGenericNotifyFromISR
                0x00002fb8      0x27c ./freertos/freertos-kernel/tasks.o
                0x00002fb8                xTaskGenericNotifyFromISR
 .text.prvAddCurrentTaskToDelayedList
                0x00003234       0xe4 ./freertos/freertos-kernel/tasks.o
 .text.xTimerCreateTimerTask
                0x00003318       0x54 ./freertos/freertos-kernel/timers.o
                0x00003318                xTimerCreateTimerTask
 .text.prvProcessExpiredTimer
                0x0000336c       0x64 ./freertos/freertos-kernel/timers.o
 .text.prvProcessTimerOrBlockTask
                0x000033d0       0x90 ./freertos/freertos-kernel/timers.o
 .text.prvGetNextExpireTime
                0x00003460       0x44 ./freertos/freertos-kernel/timers.o
 .text.prvSampleTimeNow
                0x000034a4       0x40 ./freertos/freertos-kernel/timers.o
 .text.prvInsertTimerInActiveList
                0x000034e4       0x84 ./freertos/freertos-kernel/timers.o
 .text.prvProcessReceivedCommands
                0x00003568      0x198 ./freertos/freertos-kernel/timers.o
 .text.prvSwitchTimerLists
                0x00003700       0x50 ./freertos/freertos-kernel/timers.o
 .text.prvCheckForValidListAndQueue
                0x00003750       0x74 ./freertos/freertos-kernel/timers.o
 .text.CLOCK_SetEr32kClock
                0x000037c4       0x34 ./drivers/fsl_clock.o
 .text.CLOCK_GetLircClkFreq
                0x000037f8       0x50 ./drivers/fsl_clock.o
 .text.CLOCK_GetOsc0ErClkFreq
                0x00003848       0x44 ./drivers/fsl_clock.o
                0x00003848                CLOCK_GetOsc0ErClkFreq
 .text.CLOCK_GetEr32kClkFreq
                0x0000388c       0x78 ./drivers/fsl_clock.o
                0x0000388c                CLOCK_GetEr32kClkFreq
 .text.CLOCK_GetFreq
                0x00003904       0xc0 ./drivers/fsl_clock.o
                0x00003904                CLOCK_GetFreq
 .text.CLOCK_SetSimConfig
                0x000039c4       0x2c ./drivers/fsl_clock.o
                0x000039c4                CLOCK_SetSimConfig
 .text.CLOCK_GetInternalRefClkFreq
                0x000039f0       0x48 ./drivers/fsl_clock.o
                0x000039f0                CLOCK_GetInternalRefClkFreq
 .text.CLOCK_GetPeriphClkFreq
                0x00003a38       0x3c ./drivers/fsl_clock.o
                0x00003a38                CLOCK_GetPeriphClkFreq
 .text.CLOCK_GetOutClkFreq
                0x00003a74       0x7c ./drivers/fsl_clock.o
                0x00003a74                CLOCK_GetOutClkFreq
 .text.CLOCK_SetMcgliteConfig
                0x00003af0      0x110 ./drivers/fsl_clock.o
                0x00003af0                CLOCK_SetMcgliteConfig
 .text.CLOCK_EnableClock
                0x00003c00       0x34 ./drivers/fsl_lpuart.o
 .text.LPUART_GetInstance
                0x00003c34       0x4c ./drivers/fsl_lpuart.o
                0x00003c34                LPUART_GetInstance
 .text.LPUART_Init
                0x00003c80      0x338 ./drivers/fsl_lpuart.o
                0x00003c80                LPUART_Init
 .text.LPUART_GetDefaultConfig
                0x00003fb8       0x68 ./drivers/fsl_lpuart.o
                0x00003fb8                LPUART_GetDefaultConfig
 .text.LPUART_WriteBlocking
                0x00004020       0x6c ./drivers/fsl_lpuart.o
                0x00004020                LPUART_WriteBlocking
 .text.LPUART0_DriverIRQHandler
                0x0000408c       0x24 ./drivers/fsl_lpuart.o
                0x0000408c                LPUART0_DriverIRQHandler
 .text.LPUART1_DriverIRQHandler
                0x000040b0       0x24 ./drivers/fsl_lpuart.o
                0x000040b0                LPUART1_DriverIRQHandler
 .text.SystemInit
                0x000040d4       0x40 ./device/system_MCXC444.o
                0x000040d4                SystemInit
 .text.HAL_UartGetStatus
                0x00004114       0x34 ./component/uart/fsl_adapter_lpuart.o
 .text.HAL_UartInitCommon
                0x00004148       0xa0 ./component/uart/fsl_adapter_lpuart.o
 .text.HAL_UartInit
                0x000041e8       0x98 ./component/uart/fsl_adapter_lpuart.o
                0x000041e8                HAL_UartInit
 .text.HAL_UartSendBlocking
                0x00004280       0x6c ./component/uart/fsl_adapter_lpuart.o
                0x00004280                HAL_UartSendBlocking
 .text.SerialManager_StartWriting
                0x000042ec       0x44 ./component/serial_manager/fsl_component_serial_manager.o
 .text.SerialManager_Init
                0x00004330       0x70 ./component/serial_manager/fsl_component_serial_manager.o
                0x00004330                SerialManager_Init
 .text.SerialManager_OpenReadHandle
                0x000043a0       0x74 ./component/serial_manager/fsl_component_serial_manager.o
                0x000043a0                SerialManager_OpenReadHandle
 .text.CLOCK_SetLpuart0Clock
                0x00004414       0x38 ./board/board.o
 .text.CLOCK_SetSimSafeDivs
                0x0000444c       0x20 ./board/clock_config.o
 .text.BOARD_BootClockRUN
                0x0000446c       0x34 ./board/clock_config.o
                0x0000446c                BOARD_BootClockRUN
 .text.CLOCK_EnableClock
                0x000044a0       0x34 ./board/pin_mux.o
 .text.PORT_SetPinMux
                0x000044d4       0x40 ./board/pin_mux.o
 .text.BOARD_InitDEBUG_UARTPins
                0x00004514       0x4c ./board/pin_mux.o
                0x00004514                BOARD_InitDEBUG_UARTPins
 .text._initio  0x00004560       0x7c C:/nxp/MCUXpressoIDE_25.6.136/ide/plugins/com.nxp.mcuxpresso.tools.win32_25.6.0.202501151204/tools/bin/../lib/gcc/arm-none-eabi/14.2.1/../../../../arm-none-eabi/lib/thumb/v6-m/nofp\libcr_c.a(initio.o)
                0x00004560                _initio
 .text.setvbuf  0x000045dc       0x4c C:/nxp/MCUXpressoIDE_25.6.136/ide/plugins/com.nxp.mcuxpresso.tools.win32_25.6.0.202501151204/tools/bin/../lib/gcc/arm-none-eabi/14.2.1/../../../../arm-none-eabi/lib/thumb/v6-m/nofp\libcr_c.a(setvbuf.o)
                0x000045dc                setvbuf
 .text.strlen   0x00004628       0x5c C:/nxp/MCUXpressoIDE_25.6.136/ide/plugins/com.nxp.mcuxpresso.tools.win32_25.6.0.202501151204/tools/bin/../lib/gcc/arm-none-eabi/14.2.1/../../../../arm-none-eabi/lib/thumb/v6-m/nofp\libcr_c.a(strlen.o)
                0x00004628                strlen
 .text._deferredlazyseek
                0x00004684       0x44 C:/nxp/MCUXpressoIDE_25.6.136/ide/plugins/com.nxp.mcuxpresso.tools.win32_25.6.0.202501151204/tools/bin/../lib/gcc/arm-none-eabi/14.2.1/../../../../arm-none-eabi/lib/thumb/v6-m/nofp\libcr_c.a(_deferredlazyseek.o)
                0x00004684                _deferredlazyseek
 .text._fdopen  0x000046c8       0x74 C:/nxp/MCUXpressoIDE_25.6.136/ide/plugins/com.nxp.mcuxpresso.tools.win32_25.6.0.202501151204/tools/bin/../lib/gcc/arm-none-eabi/14.2.1/../../../../arm-none-eabi/lib/thumb/v6-m/nofp\libcr_c.a(_fdopen.o)
                0x000046c8                _fdopen
 .text._fflush  0x0000473c       0x5c C:/nxp/MCUXpressoIDE_25.6.136/ide/plugins/com.nxp.mcuxpresso.tools.win32_25.6.0.202501151204/tools/bin/../lib/gcc/arm-none-eabi/14.2.1/../../../../arm-none-eabi/lib/thumb/v6-m/nofp\libcr_c.a(_fflush.o)
                0x0000473c                _fflush
 .text._Cwritebuf
                0x00004798       0x68 C:/nxp/MCUXpressoIDE_25.6.136/ide/plugins/com.nxp.mcuxpresso.tools.win32_25.6.0.202501151204/tools/bin/../lib/gcc/arm-none-eabi/14.2.1/../../../../arm-none-eabi/lib/thumb/v6-m/nofp\libcr_c.a(_writebuf.o)
                0x00004798                _Cwritebuf
 .text.fclose   0x00004800       0x5c C:/nxp/MCUXpressoIDE_25.6.136/ide/plugins/com.nxp.mcuxpresso.tools.win32_25.6.0.202501151204/tools/bin/../lib/gcc/arm-none-eabi/14.2.1/../../../../arm-none-eabi/lib/thumb/v6-m/nofp\libcr_c.a(fclose.o)
                0x00004800                fclose
 .text.fflush   0x0000485c       0x40 C:/nxp/MCUXpressoIDE_25.6.136/ide/plugins/com.nxp.mcuxpresso.tools.win32_25.6.0.202501151204/tools/bin/../lib/gcc/arm-none-eabi/14.2.1/../../../../arm-none-eabi/lib/thumb/v6-m/nofp\libcr_c.a(fflush.o)
                0x0000485c                fflush
 .text.fseek    0x0000489c       0xec C:/nxp/MCUXpressoIDE_25.6.136/ide/plugins/com.nxp.mcuxpresso.tools.win32_25.6.0.202501151204/tools/bin/../lib/gcc/arm-none-eabi/14.2.1/../../../../arm-none-eabi/lib/thumb/v6-m/nofp\libcr_c.a(fseek.o)
                0x0000489c                fseek
 .text.ftell    0x00004988       0x4c C:/nxp/MCUXpressoIDE_25.6.136/ide/plugins/com.nxp.mcuxpresso.tools.win32_25.6.0.202501151204/tools/bin/../lib/gcc/arm-none-eabi/14.2.1/../../../../arm-none-eabi/lib/thumb/v6-m/nofp\libcr_c.a(ftell.o)
                0x00004988                ftell
 .text._do_fflush
                0x000049d4       0x48 C:/nxp/MCUXpressoIDE_25.6.136/ide/plugins/com.nxp.mcuxpresso.tools.win32_25.6.0.202501151204/tools/bin/../lib/gcc/arm-none-eabi/14.2.1/../../../../arm-none-eabi/lib/thumb/v6-m/nofp\libcr_c.a(_do_fflush.o)
                0x000049d4                _do_fflush
 .text.PrintGetWidth
                0x00004a1c       0x7c ./utilities/str/fsl_str.o
 .text.PrintGetPrecision
                0x00004a98       0xa0 ./utilities/str/fsl_str.o
 .text.PrintIsobpu
                0x00004b38       0x3e ./utilities/str/fsl_str.o
 .text.PrintIsdi
                0x00004b76       0x2e ./utilities/str/fsl_str.o
 .text.PrintOutputdifFobpu
                0x00004ba4       0x48 ./utilities/str/fsl_str.o
 .text.PrintOutputxX
                0x00004bec       0x48 ./utilities/str/fsl_str.o
 .text.PrintIsfF
                0x00004c34       0x2e ./utilities/str/fsl_str.o
 .text.PrintIsxX
                0x00004c62       0x2e ./utilities/str/fsl_str.o
 .text.PrintFilterLengthFlag
                0x00004c90       0x44 ./utilities/str/fsl_str.o
 .text.PrintGetRadixFromobpu
                0x00004cd4       0x58 ./utilities/str/fsl_str.o
 .text.ConvertRadixNumToString
                0x00004d2c       0xc0 ./utilities/str/fsl_str.o
 .text.StrFormatExaminedi
                0x00004dec       0x22 ./utilities/str/fsl_str.o
 .text.StrFormatExaminexX
                0x00004e0e       0x22 ./utilities/str/fsl_str.o
 .text.StrFormatExamineobpu
                0x00004e30       0x22 ./utilities/str/fsl_str.o
 .text.ConvertPrecisionWidthToLength
                0x00004e52       0x22 ./utilities/str/fsl_str.o
 .text.StrFormatPrintf
                0x00004e74      0x2d6 ./utilities/str/fsl_str.o
                0x00004e74                StrFormatPrintf
 .text.DbgConsole_PrintCallback
                0x0000514a       0x6c ./utilities/debug_console/fsl_debug_console.o
 .text.DbgConsole_Printf
                0x000051b6       0x32 ./utilities/debug_console/fsl_debug_console.o
                0x000051b6                DbgConsole_Printf
 .text.__sys_write
                0x000051e8       0x40 ./utilities/debug_console/fsl_debug_console.o
                0x000051e8                __sys_write
 .text.fsl_assert_hook
                0x00005228       0x16 ./utilities/fsl_assert.o
                0x00005228                fsl_assert_hook
 .text.vPortSVCHandler_C
                0x0000523e       0x38 ./freertos/freertos-kernel/portable/GCC/ARM_CM0/port.o
                0x0000523e                vPortSVCHandler_C
 .text.ulSetInterruptMask
                0x00005276        0xc ./freertos/freertos-kernel/portable/GCC/ARM_CM0/portasm.o
                0x00005276                ulSetInterruptMask
 .text.vClearInterruptMask
                0x00005282        0x8 ./freertos/freertos-kernel/portable/GCC/ARM_CM0/portasm.o
                0x00005282                vClearInterruptMask
 .text.vListInitialise
                0x0000528a       0x3c ./freertos/freertos-kernel/list.o
                0x0000528a                vListInitialise
 .text.vListInitialiseItem
                0x000052c6       0x16 ./freertos/freertos-kernel/list.o
                0x000052c6                vListInitialiseItem
 .text.vListInsert
                0x000052dc       0x6c ./freertos/freertos-kernel/list.o
                0x000052dc                vListInsert
 .text.uxListRemove
                0x00005348       0x50 ./freertos/freertos-kernel/list.o
                0x00005348                uxListRemove
 .text.xQueueGenericReset
                0x00005398      0x116 ./freertos/freertos-kernel/queue.o
                0x00005398                xQueueGenericReset
 .text.xQueueGenericCreate
                0x000054ae       0xbe ./freertos/freertos-kernel/queue.o
                0x000054ae                xQueueGenericCreate
 .text.prvInitialiseNewQueue
                0x0000556c       0x4e ./freertos/freertos-kernel/queue.o
 .text.prvInitialiseMutex
                0x000055ba       0x34 ./freertos/freertos-kernel/queue.o
 .text.xQueueCreateMutex
                0x000055ee       0x38 ./freertos/freertos-kernel/queue.o
                0x000055ee                xQueueCreateMutex
 .text.xQueueGenericSend
                0x00005626      0x190 ./freertos/freertos-kernel/queue.o
                0x00005626                xQueueGenericSend
 .text.xQueueGenericSendFromISR
                0x000057b6      0x114 ./freertos/freertos-kernel/queue.o
                0x000057b6                xQueueGenericSendFromISR
 .text.xQueueGiveFromISR
                0x000058ca       0xf6 ./freertos/freertos-kernel/queue.o
                0x000058ca                xQueueGiveFromISR
 .text.xQueueReceive
                0x000059c0      0x170 ./freertos/freertos-kernel/queue.o
                0x000059c0                xQueueReceive
 .text.xQueueSemaphoreTake
                0x00005b30      0x1b0 ./freertos/freertos-kernel/queue.o
                0x00005b30                xQueueSemaphoreTake
 .text.prvGetDisinheritPriorityAfterTimeout
                0x00005ce0       0x2c ./freertos/freertos-kernel/queue.o
 .text.prvCopyDataToQueue
                0x00005d0c       0xd6 ./freertos/freertos-kernel/queue.o
 .text.prvCopyDataFromQueue
                0x00005de2       0x4c ./freertos/freertos-kernel/queue.o
 .text.prvUnlockQueue
                0x00005e2e       0xbc ./freertos/freertos-kernel/queue.o
 .text.prvIsQueueEmpty
                0x00005eea       0x2c ./freertos/freertos-kernel/queue.o
 .text.prvIsQueueFull
                0x00005f16       0x30 ./freertos/freertos-kernel/queue.o
 .text.vQueueWaitForMessageRestricted
                0x00005f46       0x66 ./freertos/freertos-kernel/queue.o
                0x00005f46                vQueueWaitForMessageRestricted
 .text.prvCreateTask
                0x00005fac       0x82 ./freertos/freertos-kernel/tasks.o
 .text.xTaskCreate
                0x0000602e       0x4c ./freertos/freertos-kernel/tasks.o
                0x0000602e                xTaskCreate
 .text.prvDeleteTCB
                0x0000607a       0x22 ./freertos/freertos-kernel/tasks.o
 .text.prvReloadTimer
                0x0000609c       0x42 ./freertos/freertos-kernel/timers.o
 .text.prvTimerTask
                0x000060de       0x2a ./freertos/freertos-kernel/timers.o
 .text.SystemInitHook
                0x00006108        0xa ./device/system_MCXC444.o
                0x00006108                SystemInitHook
 .text.DisableGlobalIRQ
                0x00006112       0x1e ./component/serial_manager/fsl_component_serial_manager.o
 .text.EnableGlobalIRQ
                0x00006130       0x1c ./component/serial_manager/fsl_component_serial_manager.o
 .text.SerialManager_Write
                0x0000614c       0x44 ./component/serial_manager/fsl_component_serial_manager.o
 .text.SerialManager_OpenWriteHandle
                0x00006190       0x56 ./component/serial_manager/fsl_component_serial_manager.o
                0x00006190                SerialManager_OpenWriteHandle
 .text.SerialManager_WriteBlocking
                0x000061e6       0x22 ./component/serial_manager/fsl_component_serial_manager.o
                0x000061e6                SerialManager_WriteBlocking
 .text.Serial_UartInit
                0x00006208       0x4e ./component/serial_manager/fsl_component_serial_port_uart.o
                0x00006208                Serial_UartInit
 .text.Serial_UartWrite
                0x00006256       0x38 ./component/serial_manager/fsl_component_serial_port_uart.o
                0x00006256                Serial_UartWrite
 .text.BOARD_InitDebugConsole
                0x0000628e       0x2c ./board/board.o
                0x0000628e                BOARD_InitDebugConsole
 .text.BOARD_InitBootClocks
                0x000062ba        0xe ./board/clock_config.o
                0x000062ba                BOARD_InitBootClocks
 .text.BOARD_InitPeripherals
                0x000062c8        0xa ./board/peripherals.o
                0x000062c8                BOARD_InitPeripherals
 .text.BOARD_InitBootPeripherals
                0x000062d2        0xe ./board/peripherals.o
                0x000062d2                BOARD_InitBootPeripherals
 .text.BOARD_InitBootPins
                0x000062e0        0xe ./board/pin_mux.o
                0x000062e0                BOARD_InitBootPins
 .text.__main   0x000062ee        0xc C:/nxp/MCUXpressoIDE_25.6.136/ide/plugins/com.nxp.mcuxpresso.tools.win32_25.6.0.202501151204/tools/bin/../lib/gcc/arm-none-eabi/14.2.1/../../../../arm-none-eabi/lib/thumb/v6-m/nofp\libcr_nohost_nf.a(_cr__main.o)
                0x000062ee                __main
 .text.memcpy   0x000062fa        0x8 C:/nxp/MCUXpressoIDE_25.6.136/ide/plugins/com.nxp.mcuxpresso.tools.win32_25.6.0.202501151204/tools/bin/../lib/gcc/arm-none-eabi/14.2.1/../../../../arm-none-eabi/lib/thumb/v6-m/nofp\libcr_c.a(memcpy.o)
                0x000062fa                memcpy
 .text.memset   0x00006302        0x8 C:/nxp/MCUXpressoIDE_25.6.136/ide/plugins/com.nxp.mcuxpresso.tools.win32_25.6.0.202501151204/tools/bin/../lib/gcc/arm-none-eabi/14.2.1/../../../../arm-none-eabi/lib/thumb/v6-m/nofp\libcr_c.a(memset.o)
                0x00006302                memset
 .text.free     0x0000630a       0x2c C:/nxp/MCUXpressoIDE_25.6.136/ide/plugins/com.nxp.mcuxpresso.tools.win32_25.6.0.202501151204/tools/bin/../lib/gcc/arm-none-eabi/14.2.1/../../../../arm-none-eabi/lib/thumb/v6-m/nofp\libcr_c.a(alloc.o)
                0x0000630a                free
 .text.remove   0x00006336       0x12 C:/nxp/MCUXpressoIDE_25.6.136/ide/plugins/com.nxp.mcuxpresso.tools.win32_25.6.0.202501151204/tools/bin/../lib/gcc/arm-none-eabi/14.2.1/../../../../arm-none-eabi/lib/thumb/v6-m/nofp\libcr_c.a(remove.o)
                0x00006336                remove
 .text.__aeabi_division_idivmod
                0x00006348       0x78 C:/nxp/MCUXpressoIDE_25.6.136/ide/plugins/com.nxp.mcuxpresso.tools.win32_25.6.0.202501151204/tools/bin/../lib/gcc/arm-none-eabi/14.2.1/thumb/v6-m/nofp\libcr_eabihelpers.a(division_32.o)
                0x00006348                __aeabi_idivmod
                0x00006348                __aeabi_idiv
                0x0000634e                __aeabi_uidivmod
                0x0000634e                __aeabi_uidiv
 .text.__aeabi_division_uldivmod
                0x000063c0       0x5a C:/nxp/MCUXpressoIDE_25.6.136/ide/plugins/com.nxp.mcuxpresso.tools.win32_25.6.0.202501151204/tools/bin/../lib/gcc/arm-none-eabi/14.2.1/thumb/v6-m/nofp\libcr_eabihelpers.a(division_64.o)
                0x000063c0                __aeabi_uldivmod
 .text.__aeabi_division_idiv0
                0x0000641a        0x2 C:/nxp/MCUXpressoIDE_25.6.136/ide/plugins/com.nxp.mcuxpresso.tools.win32_25.6.0.202501151204/tools/bin/../lib/gcc/arm-none-eabi/14.2.1/thumb/v6-m/nofp\libcr_eabihelpers.a(division_idiv0.o)
                0x0000641a                __aeabi_idiv0
 .text.__aeabi_llong_lmul
                0x0000641c       0x2e C:/nxp/MCUXpressoIDE_25.6.136/ide/plugins/com.nxp.mcuxpresso.tools.win32_25.6.0.202501151204/tools/bin/../lib/gcc/arm-none-eabi/14.2.1/thumb/v6-m/nofp\libcr_eabihelpers.a(llong.o)
                0x0000641c                __aeabi_lmul
 .text.__aeabi_memcpy
                0x0000644a       0x2c C:/nxp/MCUXpressoIDE_25.6.136/ide/plugins/com.nxp.mcuxpresso.tools.win32_25.6.0.202501151204/tools/bin/../lib/gcc/arm-none-eabi/14.2.1/thumb/v6-m/nofp\libcr_eabihelpers.a(memcpy.o)
                0x0000644a                __aeabi_memcpy4
                0x0000644a                __aeabi_memcpy8
                0x0000644a                __aeabi_memcpy
 .text.__aeabi_memset_lowlevel
                0x00006476       0x2a C:/nxp/MCUXpressoIDE_25.6.136/ide/plugins/com.nxp.mcuxpresso.tools.win32_25.6.0.202501151204/tools/bin/../lib/gcc/arm-none-eabi/14.2.1/thumb/v6-m/nofp\libcr_eabihelpers.a(memcpy.o)
                0x00006476                __aeabi_lowlevel_memset
 .text.__sys_close
                0x000064a0        0x6 C:/nxp/MCUXpressoIDE_25.6.136/ide/plugins/com.nxp.mcuxpresso.tools.win32_25.6.0.202501151204/tools/bin/../lib/gcc/arm-none-eabi/14.2.1/../../../../arm-none-eabi/lib/thumb/v6-m/nofp\libcr_nohost_nf.a(__sys_close.o)
                0x000064a0                __sys_close
 .text.__sys_flen
                0x000064a6        0x6 C:/nxp/MCUXpressoIDE_25.6.136/ide/plugins/com.nxp.mcuxpresso.tools.win32_25.6.0.202501151204/tools/bin/../lib/gcc/arm-none-eabi/14.2.1/../../../../arm-none-eabi/lib/thumb/v6-m/nofp\libcr_nohost_nf.a(__sys_flen.o)
                0x000064a6                __sys_flen
 .text.__sys_istty
                0x000064ac        0x6 C:/nxp/MCUXpressoIDE_25.6.136/ide/plugins/com.nxp.mcuxpresso.tools.win32_25.6.0.202501151204/tools/bin/../lib/gcc/arm-none-eabi/14.2.1/../../../../arm-none-eabi/lib/thumb/v6-m/nofp\libcr_nohost_nf.a(__sys_istty.o)
                0x000064ac                __sys_istty
 .text.__sys_remove
                0x000064b2        0x6 C:/nxp/MCUXpressoIDE_25.6.136/ide/plugins/com.nxp.mcuxpresso.tools.win32_25.6.0.202501151204/tools/bin/../lib/gcc/arm-none-eabi/14.2.1/../../../../arm-none-eabi/lib/thumb/v6-m/nofp\libcr_nohost_nf.a(__sys_remove.o)
                0x000064b2                __sys_remove
 .text.__sys_seek
                0x000064b8        0x6 C:/nxp/MCUXpressoIDE_25.6.136/ide/plugins/com.nxp.mcuxpresso.tools.win32_25.6.0.202501151204/tools/bin/../lib/gcc/arm-none-eabi/14.2.1/../../../../arm-none-eabi/lib/thumb/v6-m/nofp\libcr_nohost_nf.a(__sys_seek.o)
                0x000064b8                __sys_seek
 .text.__sys_tmpnam
                0x000064be        0x6 C:/nxp/MCUXpressoIDE_25.6.136/ide/plugins/com.nxp.mcuxpresso.tools.win32_25.6.0.202501151204/tools/bin/../lib/gcc/arm-none-eabi/14.2.1/../../../../arm-none-eabi/lib/thumb/v6-m/nofp\libcr_nohost_nf.a(__sys_tmpnam.o)
                0x000064be                __sys_tmpnam
 *freertos*/tasks.o(SORT_BY_ALIGNMENT(.rodata*))
 .rodata.uxTopUsedPriority
                0x000064c4        0x4 ./freertos/freertos-kernel/tasks.o
 .rodata.prvCreateIdleTasks.str1.4
                0x000064c8        0x5 ./freertos/freertos-kernel/tasks.o
 .rodata.xTaskGenericNotify
                0x000064c8       0x14 ./freertos/freertos-kernel/tasks.o
 .rodata.xTaskGenericNotifyFromISR
                0x000064dc       0x14 ./freertos/freertos-kernel/tasks.o
 *(SORT_BY_ALIGNMENT(.rodata) SORT_BY_ALIGNMENT(.rodata.*) SORT_BY_ALIGNMENT(.constdata) SORT_BY_ALIGNMENT(.constdata.*))
 .rodata.__assertion_failed.str1.4
                0x000064f0      0x443 ./utilities/fsl_assert.o
                                 0x14 (size before relaxing)
 .rodata.main.str1.4
                0x00006933       0x1a ./source/FinalProject.o
 .rodata.vPrintTask.str1.4
                0x00006933       0x9e ./source/shared_data.o
 .rodata.adc_calibrate.str1.4
                0x00006933       0x33 ./source/sound_sensor.o
 .rodata.vSoundTask.str1.4
                0x00006933       0x3d ./source/sound_sensor.o
 .rodata.xTimerCreateTimerTask.str1.4
                0x00006933        0x8 ./freertos/freertos-kernel/timers.o
 *fill*         0x00006933        0x1 ff
 .rodata.prvProcessReceivedCommands
                0x00006934       0x28 ./freertos/freertos-kernel/timers.o
 .rodata.prvCheckForValidListAndQueue.str1.4
                0x0000695c        0x5 ./freertos/freertos-kernel/timers.o
 .rodata.CLOCK_GetOsc0ErClkFreq.str1.4
                0x0000695c       0x1e ./drivers/fsl_clock.o
 .rodata.CLOCK_GetEr32kClkFreq.str1.4
                0x0000695c       0x1f ./drivers/fsl_clock.o
 .rodata.CLOCK_GetFreq
                0x0000695c       0x50 ./drivers/fsl_clock.o
 .rodata.CLOCK_GetOutClkFreq.str1.4
                0x000069ac       0x1e ./drivers/fsl_clock.o
 .rodata.CLOCK_SetMcgliteConfig.str1.4
                0x000069ac       0x1f ./drivers/fsl_clock.o
 .rodata.lircFreqs.0
                0x000069ac        0x8 ./drivers/fsl_clock.o
 .rodata.s_lpuartBases
                0x000069b4        0x8 ./drivers/fsl_lpuart.o
 .rodata.s_lpuartClock
                0x000069bc        0x8 ./drivers/fsl_lpuart.o
 .rodata.LPUART_GetInstance.str1.4
                0x000069c4       0x38 ./drivers/fsl_lpuart.o
 .rodata.LPUART_Init.str1.4
                0x000069c4       0x51 ./drivers/fsl_lpuart.o
 .rodata.LPUART_GetDefaultConfig.str1.4
                0x000069c4       0x22 ./drivers/fsl_lpuart.o
 .rodata.LPUART_WriteBlocking.str1.4
                0x000069c4       0x21 ./drivers/fsl_lpuart.o
 .rodata.s_LpuartAdapterBase
                0x000069c4        0x8 ./component/uart/fsl_adapter_lpuart.o
 .rodata.HAL_UartInit.str1.4
                0x000069cc      0x116 ./component/uart/fsl_adapter_lpuart.o
 .rodata.HAL_UartSendBlocking.str1.4
                0x000069cc       0x7b ./component/uart/fsl_adapter_lpuart.o
 .rodata.mcgliteConfig_BOARD_BootClockRUN
                0x000069cc        0x6 ./board/clock_config.o
                0x000069cc                mcgliteConfig_BOARD_BootClockRUN
 *fill*         0x000069d2        0x2 ff
 .rodata.simConfig_BOARD_BootClockRUN
                0x000069d4        0x8 ./board/clock_config.o
                0x000069d4                simConfig_BOARD_BootClockRUN
 .rodata.__num_Ciob_streams
                0x000069dc        0x4 C:/nxp/MCUXpressoIDE_25.6.136/ide/plugins/com.nxp.mcuxpresso.tools.win32_25.6.0.202501151204/tools/bin/../lib/gcc/arm-none-eabi/14.2.1/../../../../arm-none-eabi/lib/thumb/v6-m/nofp\libcr_nohost_nf.a(__ciob.o)
                0x000069dc                __num_Ciob_streams
 .rodata._initio.str1.1
                0x000069e0        0x4 C:/nxp/MCUXpressoIDE_25.6.136/ide/plugins/com.nxp.mcuxpresso.tools.win32_25.6.0.202501151204/tools/bin/../lib/gcc/arm-none-eabi/14.2.1/../../../../arm-none-eabi/lib/thumb/v6-m/nofp\libcr_c.a(initio.o)
                0x000069e4                        . = ALIGN (0x4)

.glue_7         0x000069e4        0x0
 .glue_7        0x000069e4        0x0 linker stubs

.glue_7t        0x000069e4        0x0
 .glue_7t       0x000069e4        0x0 linker stubs

.vfp11_veneer   0x000069e4        0x0
 .vfp11_veneer  0x000069e4        0x0 linker stubs

.v4_bx          0x000069e4        0x0
 .v4_bx         0x000069e4        0x0 linker stubs

.iplt           0x000069e4        0x0
 .iplt          0x000069e4        0x0 ./utilities/str/fsl_str.o

.rel.dyn        0x000069e4        0x0
 .rel.iplt      0x000069e4        0x0 ./utilities/str/fsl_str.o

.ARM.extab
 *(SORT_BY_ALIGNMENT(.ARM.extab*) SORT_BY_ALIGNMENT(.gnu.linkonce.armextab.*))

.ARM.exidx      0x000069e4        0x0
                0x000069e4                        __exidx_start = .
 *(SORT_BY_ALIGNMENT(.ARM.exidx*) SORT_BY_ALIGNMENT(.gnu.linkonce.armexidx.*))
                0x000069e4                        __exidx_end = .
                0x000069e4                        _etext = .

.mtb_buffer_default
                0x1fffe000       0x80
 *(SORT_BY_ALIGNMENT(.mtb*))
 .mtb.$RAM1     0x1fffe000       0x80 ./source/mtb.o
                0x1fffe000                __mtb_buffer__

.uninit_RESERVED
                0x1fffe080        0x0
                0x1fffe080                        _start_uninit_RESERVED = .
 *(SORT_BY_ALIGNMENT(.bss.$RESERVED*))
                0x1fffe080                        . = ALIGN (0x4)
                0x1fffe080                        _end_uninit_RESERVED = .

.data           0x1fffe080        0x8 load address 0x000069e4
 FILL mask 0xff
                0x1fffe080                        _data = .
                [!provide]                        PROVIDE (__start_data_RAM = .)
                [!provide]                        PROVIDE (__start_data_SRAM = .)
 *(SORT_BY_ALIGNMENT(vtable))
 *(SORT_BY_ALIGNMENT(.ramfunc*))
 *(SORT_BY_ALIGNMENT(CodeQuickAccess))
 *(SORT_BY_ALIGNMENT(DataQuickAccess))
 *(SORT_BY_ALIGNMENT(RamFunction))
 *(SORT_BY_ALIGNMENT(.data*))
 .data.ulCriticalNesting
                0x1fffe080        0x4 ./freertos/freertos-kernel/portable/GCC/ARM_CM0/port.o
 .data.SystemCoreClock
                0x1fffe084        0x4 ./device/system_MCXC444.o
                0x1fffe084                SystemCoreClock
                0x1fffe088                        . = ALIGN (0x4)
                0x1fffe088                        _edata = .
                [!provide]                        PROVIDE (__end_data_RAM = .)
                [!provide]                        PROVIDE (__end_data_SRAM = .)

.igot.plt       0x1fffe088        0x0 load address 0x000069ec
 .igot.plt      0x1fffe088        0x0 ./utilities/str/fsl_str.o

.bss            0x1fffe088     0x2abc
                0x1fffe088                        _bss = .
                [!provide]                        PROVIDE (__start_bss_RAM = .)
                [!provide]                        PROVIDE (__start_bss_SRAM = .)
 *(SORT_BY_ALIGNMENT(.bss*))
 .bss.s_debugConsoleState
                0x1fffe088       0x20 ./utilities/debug_console/fsl_debug_console.o
 .bss.g_serialHandle
                0x1fffe0a8        0x4 ./utilities/debug_console/fsl_debug_console.o
                0x1fffe0a8                g_serialHandle
 .bss.xLightQueue
                0x1fffe0ac        0x4 ./source/light_sensor.o
                0x1fffe0ac                xLightQueue
 .bss.lightResult
                0x1fffe0b0        0x4 ./source/light_sensor.o
                0x1fffe0b0                lightResult
 .bss.gSensorMutex
                0x1fffe0b4        0x4 ./source/shared_data.o
                0x1fffe0b4                gSensorMutex
 .bss.gADCMutex
                0x1fffe0b8        0x4 ./source/shared_data.o
                0x1fffe0b8                gADCMutex
 .bss.gSensorData
                0x1fffe0bc       0x10 ./source/shared_data.o
                0x1fffe0bc                gSensorData
 .bss.gTapSemaphore
                0x1fffe0cc        0x4 ./source/tap.o
                0x1fffe0cc                gTapSemaphore
 .bss.sLastTapTick
                0x1fffe0d0        0x4 ./source/tap.o
 .bss.ucHeap    0x1fffe0d4     0x2800 ./freertos/freertos-kernel/portable/MemMang/heap_4.o
 .bss.xStart    0x200008d4        0x8 ./freertos/freertos-kernel/portable/MemMang/heap_4.o
 .bss.pxEnd     0x200008dc        0x4 ./freertos/freertos-kernel/portable/MemMang/heap_4.o
 .bss.xFreeBytesRemaining
                0x200008e0        0x4 ./freertos/freertos-kernel/portable/MemMang/heap_4.o
 .bss.xMinimumEverFreeBytesRemaining
                0x200008e4        0x4 ./freertos/freertos-kernel/portable/MemMang/heap_4.o
 .bss.xNumberOfSuccessfulAllocations
                0x200008e8        0x4 ./freertos/freertos-kernel/portable/MemMang/heap_4.o
 .bss.xNumberOfSuccessfulFrees
                0x200008ec        0x4 ./freertos/freertos-kernel/portable/MemMang/heap_4.o
 .bss.xQueueRegistry
                0x200008f0       0x40 ./freertos/freertos-kernel/queue.o
                0x200008f0                xQueueRegistry
 .bss.pxCurrentTCB
                0x20000930        0x4 ./freertos/freertos-kernel/tasks.o
                0x20000930                pxCurrentTCB
 .bss.pxReadyTasksLists
                0x20000934       0x64 ./freertos/freertos-kernel/tasks.o
 .bss.xDelayedTaskList1
                0x20000998       0x14 ./freertos/freertos-kernel/tasks.o
 .bss.xDelayedTaskList2
                0x200009ac       0x14 ./freertos/freertos-kernel/tasks.o
 .bss.pxDelayedTaskList
                0x200009c0        0x4 ./freertos/freertos-kernel/tasks.o
 .bss.pxOverflowDelayedTaskList
                0x200009c4        0x4 ./freertos/freertos-kernel/tasks.o
 .bss.xPendingReadyList
                0x200009c8       0x14 ./freertos/freertos-kernel/tasks.o
 .bss.xTasksWaitingTermination
                0x200009dc       0x14 ./freertos/freertos-kernel/tasks.o
 .bss.uxDeletedTasksWaitingCleanUp
                0x200009f0        0x4 ./freertos/freertos-kernel/tasks.o
 .bss.xSuspendedTaskList
                0x200009f4       0x14 ./freertos/freertos-kernel/tasks.o
 .bss.uxCurrentNumberOfTasks
                0x20000a08        0x4 ./freertos/freertos-kernel/tasks.o
 .bss.xTickCount
                0x20000a0c        0x4 ./freertos/freertos-kernel/tasks.o
 .bss.uxTopReadyPriority
                0x20000a10        0x4 ./freertos/freertos-kernel/tasks.o
 .bss.xSchedulerRunning
                0x20000a14        0x4 ./freertos/freertos-kernel/tasks.o
 .bss.xPendedTicks
                0x20000a18        0x4 ./freertos/freertos-kernel/tasks.o
 .bss.xYieldPendings
                0x20000a1c        0x4 ./freertos/freertos-kernel/tasks.o
 .bss.xNumOfOverflows
                0x20000a20        0x4 ./freertos/freertos-kernel/tasks.o
 .bss.uxTaskNumber
                0x20000a24        0x4 ./freertos/freertos-kernel/tasks.o
 .bss.xNextTaskUnblockTime
                0x20000a28        0x4 ./freertos/freertos-kernel/tasks.o
 .bss.xIdleTaskHandles
                0x20000a2c        0x4 ./freertos/freertos-kernel/tasks.o
 .bss.uxSchedulerSuspended
                0x20000a30        0x4 ./freertos/freertos-kernel/tasks.o
 .bss.xActiveTimerList1
                0x20000a34       0x14 ./freertos/freertos-kernel/timers.o
 .bss.xActiveTimerList2
                0x20000a48       0x14 ./freertos/freertos-kernel/timers.o
 .bss.pxCurrentTimerList
                0x20000a5c        0x4 ./freertos/freertos-kernel/timers.o
 .bss.pxOverflowTimerList
                0x20000a60        0x4 ./freertos/freertos-kernel/timers.o
 .bss.xTimerQueue
                0x20000a64        0x4 ./freertos/freertos-kernel/timers.o
 .bss.xTimerTaskHandle
                0x20000a68        0x4 ./freertos/freertos-kernel/timers.o
 .bss.xLastTime.0
                0x20000a6c        0x4 ./freertos/freertos-kernel/timers.o
 .bss.g_xtal0Freq
                0x20000a70        0x4 ./drivers/fsl_clock.o
                0x20000a70                g_xtal0Freq
 .bss.g_xtal32Freq
                0x20000a74        0x4 ./drivers/fsl_clock.o
                0x20000a74                g_xtal32Freq
 .bss.s_lpuartHandle
                0x20000a78        0x8 ./drivers/fsl_lpuart.o
                0x20000a78                s_lpuartHandle
 .bss.s_lpuartIsr
                0x20000a80        0x8 ./drivers/fsl_lpuart.o
                0x20000a80                s_lpuartIsr
 .bss.errno     0x20000a88        0x4 C:/nxp/MCUXpressoIDE_25.6.136/ide/plugins/com.nxp.mcuxpresso.tools.win32_25.6.0.202501151204/tools/bin/../lib/gcc/arm-none-eabi/14.2.1/../../../../arm-none-eabi/lib/thumb/v6-m/nofp\libcr_c.a(errno.o)
                0x20000a88                errno
 .bss.__Ciob    0x20000a8c       0xb4 C:/nxp/MCUXpressoIDE_25.6.136/ide/plugins/com.nxp.mcuxpresso.tools.win32_25.6.0.202501151204/tools/bin/../lib/gcc/arm-none-eabi/14.2.1/../../../../arm-none-eabi/lib/thumb/v6-m/nofp\libcr_nohost_nf.a(__ciob.o)
                0x20000a8c                __Ciob
 .bss.s_debugConsoleReadWaitSemaphore
                0x20000b40        0x1 ./utilities/debug_console/fsl_debug_console.o
 *(SORT_BY_ALIGNMENT(COMMON))
                0x20000b44                        . = ALIGN (0x4)
 *fill*         0x20000b41        0x3 
                0x20000b44                        _ebss = .
                [!provide]                        PROVIDE (__end_bss_RAM = .)
                [!provide]                        PROVIDE (__end_bss_SRAM = .)
                [!provide]                        PROVIDE (end = .)

.noinit         0x20000b44        0x0
                0x20000b44                        _noinit = .
                [!provide]                        PROVIDE (__start_noinit_RAM = .)
                [!provide]                        PROVIDE (__start_noinit_SRAM = .)
 *(SORT_BY_ALIGNMENT(.noinit*))
                0x20000b44                        . = ALIGN (0x4)
                0x20000b44                        _end_noinit = .
                [!provide]                        PROVIDE (__end_noinit_RAM = .)
                [!provide]                        PROVIDE (__end_noinit_SRAM = .)
                0x00000800                        _HeapSize = 0x800

.heap           0x20000b44      0x800
                0x20000b44                        _pvHeapStart = .
                0x20001344                        . = (. + _HeapSize)
 *fill*         0x20000b44      0x800 
                0x20001344                        . = ALIGN (0x4)
                0x20001344                        _pvHeapLimit = .
                0x00000800                        _StackSize = 0x800

.heap2stackfill
                0x20001344      0x800
                0x20001b44                        . = (. + _StackSize)
 *fill*         0x20001344      0x800 

.stack          0x20005800        0x0
                0x20005800                        _vStackBase = .
                0x20005800                        . = ALIGN (0x4)
                0x20006000                        _vStackTop = (. + _StackSize)
                0x00000000                        _image_start = LOADADDR (.text)
                0x000069ec                        _image_end = (LOADADDR (.data) + SIZEOF (.data))
                0x000069ec                        _image_size = (_image_end - _image_start)
OUTPUT(FinalProject.axf elf32-littlearm)
LOAD linker stubs

.debug_info     0x00000000    0x136ea
 .debug_info    0x00000000      0xd5e ./utilities/str/fsl_str.o
 .debug_info    0x00000d5e      0xed5 ./utilities/debug_console/fsl_debug_console.o
 .debug_info    0x00001c33      0x135 ./utilities/fsl_assert.o
 .debug_info    0x00001d68      0x686 ./startup/startup_mcxc444.o
 .debug_info    0x000023ee      0x232 ./source/FinalProject.o
 .debug_info    0x00002620      0xe25 ./source/light_sensor.o
 .debug_info    0x00003445       0x53 ./source/mtb.o
 .debug_info    0x00003498       0x3c ./source/semihost_hardfault.o
 .debug_info    0x000034d4      0x5d6 ./source/shared_data.o
 .debug_info    0x00003aaa      0x9b0 ./source/sound_sensor.o
 .debug_info    0x0000445a      0xc5e ./source/tap.o
 .debug_info    0x000050b8      0x4db ./freertos/freertos-kernel/portable/MemMang/heap_4.o
 .debug_info    0x00005593      0x335 ./freertos/freertos-kernel/portable/GCC/ARM_CM0/port.o
 .debug_info    0x000058c8      0x150 ./freertos/freertos-kernel/portable/GCC/ARM_CM0/portasm.o
 .debug_info    0x00005a18      0x2b9 ./freertos/freertos-kernel/list.o
 .debug_info    0x00005cd1     0x13b2 ./freertos/freertos-kernel/queue.o
 .debug_info    0x00007083     0x225e ./freertos/freertos-kernel/tasks.o
 .debug_info    0x000092e1      0xf5d ./freertos/freertos-kernel/timers.o
 .debug_info    0x0000a23e     0x1391 ./drivers/fsl_clock.o
 .debug_info    0x0000b5cf     0x1f91 ./drivers/fsl_lpuart.o
 .debug_info    0x0000d560      0x42a ./device/system_MCXC444.o
 .debug_info    0x0000d98a      0xb1e ./component/uart/fsl_adapter_lpuart.o
 .debug_info    0x0000e4a8      0xdd2 ./component/serial_manager/fsl_component_serial_manager.o
 .debug_info    0x0000f27a      0x558 ./component/serial_manager/fsl_component_serial_port_uart.o
 .debug_info    0x0000f7d2      0x411 ./board/board.o
 .debug_info    0x0000fbe3      0xa96 ./board/clock_config.o
 .debug_info    0x00010679       0x9b ./board/peripherals.o
 .debug_info    0x00010714      0x589 ./board/pin_mux.o
 .debug_info    0x00010c9d       0x85 C:/nxp/MCUXpressoIDE_25.6.136/ide/plugins/com.nxp.mcuxpresso.tools.win32_25.6.0.202501151204/tools/bin/../lib/gcc/arm-none-eabi/14.2.1/../../../../arm-none-eabi/lib/thumb/v6-m/nofp\libcr_nohost_nf.a(_cr__main.o)
 .debug_info    0x00010d22      0x12b C:/nxp/MCUXpressoIDE_25.6.136/ide/plugins/com.nxp.mcuxpresso.tools.win32_25.6.0.202501151204/tools/bin/../lib/gcc/arm-none-eabi/14.2.1/../../../../arm-none-eabi/lib/thumb/v6-m/nofp\libcr_c.a(memcpy.o)
 .debug_info    0x00010e4d       0xfc C:/nxp/MCUXpressoIDE_25.6.136/ide/plugins/com.nxp.mcuxpresso.tools.win32_25.6.0.202501151204/tools/bin/../lib/gcc/arm-none-eabi/14.2.1/../../../../arm-none-eabi/lib/thumb/v6-m/nofp\libcr_c.a(memset.o)
 .debug_info    0x00010f49      0x526 C:/nxp/MCUXpressoIDE_25.6.136/ide/plugins/com.nxp.mcuxpresso.tools.win32_25.6.0.202501151204/tools/bin/../lib/gcc/arm-none-eabi/14.2.1/../../../../arm-none-eabi/lib/thumb/v6-m/nofp\libcr_c.a(alloc.o)
 .debug_info    0x0001146f       0x44 C:/nxp/MCUXpressoIDE_25.6.136/ide/plugins/com.nxp.mcuxpresso.tools.win32_25.6.0.202501151204/tools/bin/../lib/gcc/arm-none-eabi/14.2.1/../../../../arm-none-eabi/lib/thumb/v6-m/nofp\libcr_c.a(errno.o)
 .debug_info    0x000114b3      0x353 C:/nxp/MCUXpressoIDE_25.6.136/ide/plugins/com.nxp.mcuxpresso.tools.win32_25.6.0.202501151204/tools/bin/../lib/gcc/arm-none-eabi/14.2.1/../../../../arm-none-eabi/lib/thumb/v6-m/nofp\libcr_c.a(initio.o)
 .debug_info    0x00011806      0x1fd C:/nxp/MCUXpressoIDE_25.6.136/ide/plugins/com.nxp.mcuxpresso.tools.win32_25.6.0.202501151204/tools/bin/../lib/gcc/arm-none-eabi/14.2.1/../../../../arm-none-eabi/lib/thumb/v6-m/nofp\libcr_c.a(setvbuf.o)
 .debug_info    0x00011a03       0xdd C:/nxp/MCUXpressoIDE_25.6.136/ide/plugins/com.nxp.mcuxpresso.tools.win32_25.6.0.202501151204/tools/bin/../lib/gcc/arm-none-eabi/14.2.1/../../../../arm-none-eabi/lib/thumb/v6-m/nofp\libcr_c.a(strlen.o)
 .debug_info    0x00011ae0      0x391 C:/nxp/MCUXpressoIDE_25.6.136/ide/plugins/com.nxp.mcuxpresso.tools.win32_25.6.0.202501151204/tools/bin/../lib/gcc/arm-none-eabi/14.2.1/../../../../arm-none-eabi/lib/thumb/v6-m/nofp\libcr_c.a(_deferredlazyseek.o)
 .debug_info    0x00011e71      0x24b C:/nxp/MCUXpressoIDE_25.6.136/ide/plugins/com.nxp.mcuxpresso.tools.win32_25.6.0.202501151204/tools/bin/../lib/gcc/arm-none-eabi/14.2.1/../../../../arm-none-eabi/lib/thumb/v6-m/nofp\libcr_c.a(_fdopen.o)
 .debug_info    0x000120bc      0x1ea C:/nxp/MCUXpressoIDE_25.6.136/ide/plugins/com.nxp.mcuxpresso.tools.win32_25.6.0.202501151204/tools/bin/../lib/gcc/arm-none-eabi/14.2.1/../../../../arm-none-eabi/lib/thumb/v6-m/nofp\libcr_c.a(_fflush.o)
 .debug_info    0x000122a6      0x28a C:/nxp/MCUXpressoIDE_25.6.136/ide/plugins/com.nxp.mcuxpresso.tools.win32_25.6.0.202501151204/tools/bin/../lib/gcc/arm-none-eabi/14.2.1/../../../../arm-none-eabi/lib/thumb/v6-m/nofp\libcr_c.a(_writebuf.o)
 .debug_info    0x00012530      0x325 C:/nxp/MCUXpressoIDE_25.6.136/ide/plugins/com.nxp.mcuxpresso.tools.win32_25.6.0.202501151204/tools/bin/../lib/gcc/arm-none-eabi/14.2.1/../../../../arm-none-eabi/lib/thumb/v6-m/nofp\libcr_c.a(fclose.o)
 .debug_info    0x00012855      0x210 C:/nxp/MCUXpressoIDE_25.6.136/ide/plugins/com.nxp.mcuxpresso.tools.win32_25.6.0.202501151204/tools/bin/../lib/gcc/arm-none-eabi/14.2.1/../../../../arm-none-eabi/lib/thumb/v6-m/nofp\libcr_c.a(fflush.o)
 .debug_info    0x00012a65      0x27f C:/nxp/MCUXpressoIDE_25.6.136/ide/plugins/com.nxp.mcuxpresso.tools.win32_25.6.0.202501151204/tools/bin/../lib/gcc/arm-none-eabi/14.2.1/../../../../arm-none-eabi/lib/thumb/v6-m/nofp\libcr_c.a(fseek.o)
 .debug_info    0x00012ce4      0x197 C:/nxp/MCUXpressoIDE_25.6.136/ide/plugins/com.nxp.mcuxpresso.tools.win32_25.6.0.202501151204/tools/bin/../lib/gcc/arm-none-eabi/14.2.1/../../../../arm-none-eabi/lib/thumb/v6-m/nofp\libcr_c.a(ftell.o)
 .debug_info    0x00012e7b      0x1d0 C:/nxp/MCUXpressoIDE_25.6.136/ide/plugins/com.nxp.mcuxpresso.tools.win32_25.6.0.202501151204/tools/bin/../lib/gcc/arm-none-eabi/14.2.1/../../../../arm-none-eabi/lib/thumb/v6-m/nofp\libcr_c.a(remove.o)
 .debug_info    0x0001304b      0x241 C:/nxp/MCUXpressoIDE_25.6.136/ide/plugins/com.nxp.mcuxpresso.tools.win32_25.6.0.202501151204/tools/bin/../lib/gcc/arm-none-eabi/14.2.1/../../../../arm-none-eabi/lib/thumb/v6-m/nofp\libcr_c.a(_do_fflush.o)
 .debug_info    0x0001328c      0x18b C:/nxp/MCUXpressoIDE_25.6.136/ide/plugins/com.nxp.mcuxpresso.tools.win32_25.6.0.202501151204/tools/bin/../lib/gcc/arm-none-eabi/14.2.1/../../../../arm-none-eabi/lib/thumb/v6-m/nofp\libcr_nohost_nf.a(__ciob.o)
 .debug_info    0x00013417       0x6a C:/nxp/MCUXpressoIDE_25.6.136/ide/plugins/com.nxp.mcuxpresso.tools.win32_25.6.0.202501151204/tools/bin/../lib/gcc/arm-none-eabi/14.2.1/../../../../arm-none-eabi/lib/thumb/v6-m/nofp\libcr_nohost_nf.a(__sys_close.o)
 .debug_info    0x00013481       0x6a C:/nxp/MCUXpressoIDE_25.6.136/ide/plugins/com.nxp.mcuxpresso.tools.win32_25.6.0.202501151204/tools/bin/../lib/gcc/arm-none-eabi/14.2.1/../../../../arm-none-eabi/lib/thumb/v6-m/nofp\libcr_nohost_nf.a(__sys_flen.o)
 .debug_info    0x000134eb       0x6a C:/nxp/MCUXpressoIDE_25.6.136/ide/plugins/com.nxp.mcuxpresso.tools.win32_25.6.0.202501151204/tools/bin/../lib/gcc/arm-none-eabi/14.2.1/../../../../arm-none-eabi/lib/thumb/v6-m/nofp\libcr_nohost_nf.a(__sys_istty.o)
 .debug_info    0x00013555       0x8a C:/nxp/MCUXpressoIDE_25.6.136/ide/plugins/com.nxp.mcuxpresso.tools.win32_25.6.0.202501151204/tools/bin/../lib/gcc/arm-none-eabi/14.2.1/../../../../arm-none-eabi/lib/thumb/v6-m/nofp\libcr_nohost_nf.a(__sys_remove.o)
 .debug_info    0x000135df       0x78 C:/nxp/MCUXpressoIDE_25.6.136/ide/plugins/com.nxp.mcuxpresso.tools.win32_25.6.0.202501151204/tools/bin/../lib/gcc/arm-none-eabi/14.2.1/../../../../arm-none-eabi/lib/thumb/v6-m/nofp\libcr_nohost_nf.a(__sys_seek.o)
 .debug_info    0x00013657       0x93 C:/nxp/MCUXpressoIDE_25.6.136/ide/plugins/com.nxp.mcuxpresso.tools.win32_25.6.0.202501151204/tools/bin/../lib/gcc/arm-none-eabi/14.2.1/../../../../arm-none-eabi/lib/thumb/v6-m/nofp\libcr_nohost_nf.a(__sys_tmpnam.o)

.debug_abbrev   0x00000000     0x48fa
 .debug_abbrev  0x00000000      0x270 ./utilities/str/fsl_str.o
 .debug_abbrev  0x00000270      0x28e ./utilities/debug_console/fsl_debug_console.o
 .debug_abbrev  0x000004fe       0xbd ./utilities/fsl_assert.o
 .debug_abbrev  0x000005bb      0x1a7 ./startup/startup_mcxc444.o
 .debug_abbrev  0x00000762       0xed ./source/FinalProject.o
 .debug_abbrev  0x0000084f      0x293 ./source/light_sensor.o
 .debug_abbrev  0x00000ae2       0x46 ./source/mtb.o
 .debug_abbrev  0x00000b28       0x31 ./source/semihost_hardfault.o
 .debug_abbrev  0x00000b59      0x166 ./source/shared_data.o
 .debug_abbrev  0x00000cbf      0x2ae ./source/sound_sensor.o
 .debug_abbrev  0x00000f6d      0x289 ./source/tap.o
 .debug_abbrev  0x000011f6      0x1ec ./freertos/freertos-kernel/portable/MemMang/heap_4.o
 .debug_abbrev  0x000013e2      0x1ba ./freertos/freertos-kernel/portable/GCC/ARM_CM0/port.o
 .debug_abbrev  0x0000159c       0xb9 ./freertos/freertos-kernel/portable/GCC/ARM_CM0/portasm.o
 .debug_abbrev  0x00001655       0xeb ./freertos/freertos-kernel/list.o
 .debug_abbrev  0x00001740      0x2bd ./freertos/freertos-kernel/queue.o
 .debug_abbrev  0x000019fd      0x30f ./freertos/freertos-kernel/tasks.o
 .debug_abbrev  0x00001d0c      0x2c1 ./freertos/freertos-kernel/timers.o
 .debug_abbrev  0x00001fcd      0x2e0 ./drivers/fsl_clock.o
 .debug_abbrev  0x000022ad      0x406 ./drivers/fsl_lpuart.o
 .debug_abbrev  0x000026b3      0x139 ./device/system_MCXC444.o
 .debug_abbrev  0x000027ec      0x1e7 ./component/uart/fsl_adapter_lpuart.o
 .debug_abbrev  0x000029d3      0x2be ./component/serial_manager/fsl_component_serial_manager.o
 .debug_abbrev  0x00002c91      0x18c ./component/serial_manager/fsl_component_serial_port_uart.o
 .debug_abbrev  0x00002e1d      0x163 ./board/board.o
 .debug_abbrev  0x00002f80      0x1e0 ./board/clock_config.o
 .debug_abbrev  0x00003160       0x61 ./board/peripherals.o
 .debug_abbrev  0x000031c1      0x1a3 ./board/pin_mux.o
 .debug_abbrev  0x00003364       0x62 C:/nxp/MCUXpressoIDE_25.6.136/ide/plugins/com.nxp.mcuxpresso.tools.win32_25.6.0.202501151204/tools/bin/../lib/gcc/arm-none-eabi/14.2.1/../../../../arm-none-eabi/lib/thumb/v6-m/nofp\libcr_nohost_nf.a(_cr__main.o)
 .debug_abbrev  0x000033c6       0xb3 C:/nxp/MCUXpressoIDE_25.6.136/ide/plugins/com.nxp.mcuxpresso.tools.win32_25.6.0.202501151204/tools/bin/../lib/gcc/arm-none-eabi/14.2.1/../../../../arm-none-eabi/lib/thumb/v6-m/nofp\libcr_c.a(memcpy.o)
 .debug_abbrev  0x00003479       0xa5 C:/nxp/MCUXpressoIDE_25.6.136/ide/plugins/com.nxp.mcuxpresso.tools.win32_25.6.0.202501151204/tools/bin/../lib/gcc/arm-none-eabi/14.2.1/../../../../arm-none-eabi/lib/thumb/v6-m/nofp\libcr_c.a(memset.o)
 .debug_abbrev  0x0000351e      0x27b C:/nxp/MCUXpressoIDE_25.6.136/ide/plugins/com.nxp.mcuxpresso.tools.win32_25.6.0.202501151204/tools/bin/../lib/gcc/arm-none-eabi/14.2.1/../../../../arm-none-eabi/lib/thumb/v6-m/nofp\libcr_c.a(alloc.o)
 .debug_abbrev  0x00003799       0x44 C:/nxp/MCUXpressoIDE_25.6.136/ide/plugins/com.nxp.mcuxpresso.tools.win32_25.6.0.202501151204/tools/bin/../lib/gcc/arm-none-eabi/14.2.1/../../../../arm-none-eabi/lib/thumb/v6-m/nofp\libcr_c.a(errno.o)
 .debug_abbrev  0x000037dd      0x14b C:/nxp/MCUXpressoIDE_25.6.136/ide/plugins/com.nxp.mcuxpresso.tools.win32_25.6.0.202501151204/tools/bin/../lib/gcc/arm-none-eabi/14.2.1/../../../../arm-none-eabi/lib/thumb/v6-m/nofp\libcr_c.a(initio.o)
 .debug_abbrev  0x00003928       0xe1 C:/nxp/MCUXpressoIDE_25.6.136/ide/plugins/com.nxp.mcuxpresso.tools.win32_25.6.0.202501151204/tools/bin/../lib/gcc/arm-none-eabi/14.2.1/../../../../arm-none-eabi/lib/thumb/v6-m/nofp\libcr_c.a(setvbuf.o)
 .debug_abbrev  0x00003a09       0xa5 C:/nxp/MCUXpressoIDE_25.6.136/ide/plugins/com.nxp.mcuxpresso.tools.win32_25.6.0.202501151204/tools/bin/../lib/gcc/arm-none-eabi/14.2.1/../../../../arm-none-eabi/lib/thumb/v6-m/nofp\libcr_c.a(strlen.o)
 .debug_abbrev  0x00003aae      0x183 C:/nxp/MCUXpressoIDE_25.6.136/ide/plugins/com.nxp.mcuxpresso.tools.win32_25.6.0.202501151204/tools/bin/../lib/gcc/arm-none-eabi/14.2.1/../../../../arm-none-eabi/lib/thumb/v6-m/nofp\libcr_c.a(_deferredlazyseek.o)
 .debug_abbrev  0x00003c31      0x119 C:/nxp/MCUXpressoIDE_25.6.136/ide/plugins/com.nxp.mcuxpresso.tools.win32_25.6.0.202501151204/tools/bin/../lib/gcc/arm-none-eabi/14.2.1/../../../../arm-none-eabi/lib/thumb/v6-m/nofp\libcr_c.a(_fdopen.o)
 .debug_abbrev  0x00003d4a       0xf1 C:/nxp/MCUXpressoIDE_25.6.136/ide/plugins/com.nxp.mcuxpresso.tools.win32_25.6.0.202501151204/tools/bin/../lib/gcc/arm-none-eabi/14.2.1/../../../../arm-none-eabi/lib/thumb/v6-m/nofp\libcr_c.a(_fflush.o)
 .debug_abbrev  0x00003e3b      0x126 C:/nxp/MCUXpressoIDE_25.6.136/ide/plugins/com.nxp.mcuxpresso.tools.win32_25.6.0.202501151204/tools/bin/../lib/gcc/arm-none-eabi/14.2.1/../../../../arm-none-eabi/lib/thumb/v6-m/nofp\libcr_c.a(_writebuf.o)
 .debug_abbrev  0x00003f61      0x158 C:/nxp/MCUXpressoIDE_25.6.136/ide/plugins/com.nxp.mcuxpresso.tools.win32_25.6.0.202501151204/tools/bin/../lib/gcc/arm-none-eabi/14.2.1/../../../../arm-none-eabi/lib/thumb/v6-m/nofp\libcr_c.a(fclose.o)
 .debug_abbrev  0x000040b9      0x122 C:/nxp/MCUXpressoIDE_25.6.136/ide/plugins/com.nxp.mcuxpresso.tools.win32_25.6.0.202501151204/tools/bin/../lib/gcc/arm-none-eabi/14.2.1/../../../../arm-none-eabi/lib/thumb/v6-m/nofp\libcr_c.a(fflush.o)
 .debug_abbrev  0x000041db      0x11b C:/nxp/MCUXpressoIDE_25.6.136/ide/plugins/com.nxp.mcuxpresso.tools.win32_25.6.0.202501151204/tools/bin/../lib/gcc/arm-none-eabi/14.2.1/../../../../arm-none-eabi/lib/thumb/v6-m/nofp\libcr_c.a(fseek.o)
 .debug_abbrev  0x000042f6       0xc2 C:/nxp/MCUXpressoIDE_25.6.136/ide/plugins/com.nxp.mcuxpresso.tools.win32_25.6.0.202501151204/tools/bin/../lib/gcc/arm-none-eabi/14.2.1/../../../../arm-none-eabi/lib/thumb/v6-m/nofp\libcr_c.a(ftell.o)
 .debug_abbrev  0x000043b8       0xed C:/nxp/MCUXpressoIDE_25.6.136/ide/plugins/com.nxp.mcuxpresso.tools.win32_25.6.0.202501151204/tools/bin/../lib/gcc/arm-none-eabi/14.2.1/../../../../arm-none-eabi/lib/thumb/v6-m/nofp\libcr_c.a(remove.o)
 .debug_abbrev  0x000044a5      0x12c C:/nxp/MCUXpressoIDE_25.6.136/ide/plugins/com.nxp.mcuxpresso.tools.win32_25.6.0.202501151204/tools/bin/../lib/gcc/arm-none-eabi/14.2.1/../../../../arm-none-eabi/lib/thumb/v6-m/nofp\libcr_c.a(_do_fflush.o)
 .debug_abbrev  0x000045d1       0xb5 C:/nxp/MCUXpressoIDE_25.6.136/ide/plugins/com.nxp.mcuxpresso.tools.win32_25.6.0.202501151204/tools/bin/../lib/gcc/arm-none-eabi/14.2.1/../../../../arm-none-eabi/lib/thumb/v6-m/nofp\libcr_nohost_nf.a(__ciob.o)
 .debug_abbrev  0x00004686       0x5c C:/nxp/MCUXpressoIDE_25.6.136/ide/plugins/com.nxp.mcuxpresso.tools.win32_25.6.0.202501151204/tools/bin/../lib/gcc/arm-none-eabi/14.2.1/../../../../arm-none-eabi/lib/thumb/v6-m/nofp\libcr_nohost_nf.a(__sys_close.o)
 .debug_abbrev  0x000046e2       0x5c C:/nxp/MCUXpressoIDE_25.6.136/ide/plugins/com.nxp.mcuxpresso.tools.win32_25.6.0.202501151204/tools/bin/../lib/gcc/arm-none-eabi/14.2.1/../../../../arm-none-eabi/lib/thumb/v6-m/nofp\libcr_nohost_nf.a(__sys_flen.o)
 .debug_abbrev  0x0000473e       0x5c C:/nxp/MCUXpressoIDE_25.6.136/ide/plugins/com.nxp.mcuxpresso.tools.win32_25.6.0.202501151204/tools/bin/../lib/gcc/arm-none-eabi/14.2.1/../../../../arm-none-eabi/lib/thumb/v6-m/nofp\libcr_nohost_nf.a(__sys_istty.o)
 .debug_abbrev  0x0000479a       0x7d C:/nxp/MCUXpressoIDE_25.6.136/ide/plugins/com.nxp.mcuxpresso.tools.win32_25.6.0.202501151204/tools/bin/../lib/gcc/arm-none-eabi/14.2.1/../../../../arm-none-eabi/lib/thumb/v6-m/nofp\libcr_nohost_nf.a(__sys_remove.o)
 .debug_abbrev  0x00004817       0x6d C:/nxp/MCUXpressoIDE_25.6.136/ide/plugins/com.nxp.mcuxpresso.tools.win32_25.6.0.202501151204/tools/bin/../lib/gcc/arm-none-eabi/14.2.1/../../../../arm-none-eabi/lib/thumb/v6-m/nofp\libcr_nohost_nf.a(__sys_seek.o)
 .debug_abbrev  0x00004884       0x76 C:/nxp/MCUXpressoIDE_25.6.136/ide/plugins/com.nxp.mcuxpresso.tools.win32_25.6.0.202501151204/tools/bin/../lib/gcc/arm-none-eabi/14.2.1/../../../../arm-none-eabi/lib/thumb/v6-m/nofp\libcr_nohost_nf.a(__sys_tmpnam.o)

.debug_aranges  0x00000000     0x1288
 .debug_aranges
                0x00000000       0xe8 ./utilities/str/fsl_str.o
 .debug_aranges
                0x000000e8       0xb8 ./utilities/debug_console/fsl_debug_console.o
 .debug_aranges
                0x000001a0       0x28 ./utilities/fsl_assert.o
 .debug_aranges
                0x000001c8      0x160 ./startup/startup_mcxc444.o
 .debug_aranges
                0x00000328       0x20 ./source/FinalProject.o
 .debug_aranges
                0x00000348       0x58 ./source/light_sensor.o
 .debug_aranges
                0x000003a0       0x18 ./source/mtb.o
 .debug_aranges
                0x000003b8       0x20 ./source/semihost_hardfault.o
 .debug_aranges
                0x000003d8       0x20 ./source/shared_data.o
 .debug_aranges
                0x000003f8       0x48 ./source/sound_sensor.o
 .debug_aranges
                0x00000440       0x48 ./source/tap.o
 .debug_aranges
                0x00000488       0x70 ./freertos/freertos-kernel/portable/MemMang/heap_4.o
 .debug_aranges
                0x000004f8       0x70 ./freertos/freertos-kernel/portable/GCC/ARM_CM0/port.o
 .debug_aranges
                0x00000568       0x60 ./freertos/freertos-kernel/portable/GCC/ARM_CM0/portasm.o
 .debug_aranges
                0x000005c8       0x40 ./freertos/freertos-kernel/list.o
 .debug_aranges
                0x00000608      0x140 ./freertos/freertos-kernel/queue.o
 .debug_aranges
                0x00000748      0x238 ./freertos/freertos-kernel/tasks.o
 .debug_aranges
                0x00000980      0x108 ./freertos/freertos-kernel/timers.o
 .debug_aranges
                0x00000a88       0xd0 ./drivers/fsl_clock.o
 .debug_aranges
                0x00000b58      0x190 ./drivers/fsl_lpuart.o
 .debug_aranges
                0x00000ce8       0x30 ./device/system_MCXC444.o
 .debug_aranges
                0x00000d18       0x58 ./component/uart/fsl_adapter_lpuart.o
 .debug_aranges
                0x00000d70       0xa0 ./component/serial_manager/fsl_component_serial_manager.o
 .debug_aranges
                0x00000e10       0x48 ./component/serial_manager/fsl_component_serial_port_uart.o
 .debug_aranges
                0x00000e58       0x28 ./board/board.o
 .debug_aranges
                0x00000e80       0x48 ./board/clock_config.o
 .debug_aranges
                0x00000ec8       0x28 ./board/peripherals.o
 .debug_aranges
                0x00000ef0       0x50 ./board/pin_mux.o
 .debug_aranges
                0x00000f40       0x20 C:/nxp/MCUXpressoIDE_25.6.136/ide/plugins/com.nxp.mcuxpresso.tools.win32_25.6.0.202501151204/tools/bin/../lib/gcc/arm-none-eabi/14.2.1/../../../../arm-none-eabi/lib/thumb/v6-m/nofp\libcr_nohost_nf.a(_cr__main.o)
 .debug_aranges
                0x00000f60       0x20 C:/nxp/MCUXpressoIDE_25.6.136/ide/plugins/com.nxp.mcuxpresso.tools.win32_25.6.0.202501151204/tools/bin/../lib/gcc/arm-none-eabi/14.2.1/../../../../arm-none-eabi/lib/thumb/v6-m/nofp\libcr_c.a(memcpy.o)
 .debug_aranges
                0x00000f80       0x20 C:/nxp/MCUXpressoIDE_25.6.136/ide/plugins/com.nxp.mcuxpresso.tools.win32_25.6.0.202501151204/tools/bin/../lib/gcc/arm-none-eabi/14.2.1/../../../../arm-none-eabi/lib/thumb/v6-m/nofp\libcr_c.a(memset.o)
 .debug_aranges
                0x00000fa0       0x40 C:/nxp/MCUXpressoIDE_25.6.136/ide/plugins/com.nxp.mcuxpresso.tools.win32_25.6.0.202501151204/tools/bin/../lib/gcc/arm-none-eabi/14.2.1/../../../../arm-none-eabi/lib/thumb/v6-m/nofp\libcr_c.a(alloc.o)
 .debug_aranges
                0x00000fe0       0x18 C:/nxp/MCUXpressoIDE_25.6.136/ide/plugins/com.nxp.mcuxpresso.tools.win32_25.6.0.202501151204/tools/bin/../lib/gcc/arm-none-eabi/14.2.1/../../../../arm-none-eabi/lib/thumb/v6-m/nofp\libcr_c.a(errno.o)
 .debug_aranges
                0x00000ff8       0x28 C:/nxp/MCUXpressoIDE_25.6.136/ide/plugins/com.nxp.mcuxpresso.tools.win32_25.6.0.202501151204/tools/bin/../lib/gcc/arm-none-eabi/14.2.1/../../../../arm-none-eabi/lib/thumb/v6-m/nofp\libcr_c.a(initio.o)
 .debug_aranges
                0x00001020       0x20 C:/nxp/MCUXpressoIDE_25.6.136/ide/plugins/com.nxp.mcuxpresso.tools.win32_25.6.0.202501151204/tools/bin/../lib/gcc/arm-none-eabi/14.2.1/../../../../arm-none-eabi/lib/thumb/v6-m/nofp\libcr_c.a(setvbuf.o)
 .debug_aranges
                0x00001040       0x20 C:/nxp/MCUXpressoIDE_25.6.136/ide/plugins/com.nxp.mcuxpresso.tools.win32_25.6.0.202501151204/tools/bin/../lib/gcc/arm-none-eabi/14.2.1/../../../../arm-none-eabi/lib/thumb/v6-m/nofp\libcr_c.a(strlen.o)
 .debug_aranges
                0x00001060       0x28 C:/nxp/MCUXpressoIDE_25.6.136/ide/plugins/com.nxp.mcuxpresso.tools.win32_25.6.0.202501151204/tools/bin/../lib/gcc/arm-none-eabi/14.2.1/../../../../arm-none-eabi/lib/thumb/v6-m/nofp\libcr_c.a(_deferredlazyseek.o)
 .debug_aranges
                0x00001088       0x20 C:/nxp/MCUXpressoIDE_25.6.136/ide/plugins/com.nxp.mcuxpresso.tools.win32_25.6.0.202501151204/tools/bin/../lib/gcc/arm-none-eabi/14.2.1/../../../../arm-none-eabi/lib/thumb/v6-m/nofp\libcr_c.a(_fdopen.o)
 .debug_aranges
                0x000010a8       0x20 C:/nxp/MCUXpressoIDE_25.6.136/ide/plugins/com.nxp.mcuxpresso.tools.win32_25.6.0.202501151204/tools/bin/../lib/gcc/arm-none-eabi/14.2.1/../../../../arm-none-eabi/lib/thumb/v6-m/nofp\libcr_c.a(_fflush.o)
 .debug_aranges
                0x000010c8       0x20 C:/nxp/MCUXpressoIDE_25.6.136/ide/plugins/com.nxp.mcuxpresso.tools.win32_25.6.0.202501151204/tools/bin/../lib/gcc/arm-none-eabi/14.2.1/../../../../arm-none-eabi/lib/thumb/v6-m/nofp\libcr_c.a(_writebuf.o)
 .debug_aranges
                0x000010e8       0x20 C:/nxp/MCUXpressoIDE_25.6.136/ide/plugins/com.nxp.mcuxpresso.tools.win32_25.6.0.202501151204/tools/bin/../lib/gcc/arm-none-eabi/14.2.1/../../../../arm-none-eabi/lib/thumb/v6-m/nofp\libcr_c.a(fclose.o)
 .debug_aranges
                0x00001108       0x20 C:/nxp/MCUXpressoIDE_25.6.136/ide/plugins/com.nxp.mcuxpresso.tools.win32_25.6.0.202501151204/tools/bin/../lib/gcc/arm-none-eabi/14.2.1/../../../../arm-none-eabi/lib/thumb/v6-m/nofp\libcr_c.a(fflush.o)
 .debug_aranges
                0x00001128       0x20 C:/nxp/MCUXpressoIDE_25.6.136/ide/plugins/com.nxp.mcuxpresso.tools.win32_25.6.0.202501151204/tools/bin/../lib/gcc/arm-none-eabi/14.2.1/../../../../arm-none-eabi/lib/thumb/v6-m/nofp\libcr_c.a(fseek.o)
 .debug_aranges
                0x00001148       0x20 C:/nxp/MCUXpressoIDE_25.6.136/ide/plugins/com.nxp.mcuxpresso.tools.win32_25.6.0.202501151204/tools/bin/../lib/gcc/arm-none-eabi/14.2.1/../../../../arm-none-eabi/lib/thumb/v6-m/nofp\libcr_c.a(ftell.o)
 .debug_aranges
                0x00001168       0x28 C:/nxp/MCUXpressoIDE_25.6.136/ide/plugins/com.nxp.mcuxpresso.tools.win32_25.6.0.202501151204/tools/bin/../lib/gcc/arm-none-eabi/14.2.1/../../../../arm-none-eabi/lib/thumb/v6-m/nofp\libcr_c.a(remove.o)
 .debug_aranges
                0x00001190       0x20 C:/nxp/MCUXpressoIDE_25.6.136/ide/plugins/com.nxp.mcuxpresso.tools.win32_25.6.0.202501151204/tools/bin/../lib/gcc/arm-none-eabi/14.2.1/../../../../arm-none-eabi/lib/thumb/v6-m/nofp\libcr_c.a(_do_fflush.o)
 .debug_aranges
                0x000011b0       0x18 C:/nxp/MCUXpressoIDE_25.6.136/ide/plugins/com.nxp.mcuxpresso.tools.win32_25.6.0.202501151204/tools/bin/../lib/gcc/arm-none-eabi/14.2.1/../../../../arm-none-eabi/lib/thumb/v6-m/nofp\libcr_nohost_nf.a(__ciob.o)
 .debug_aranges
                0x000011c8       0x20 C:/nxp/MCUXpressoIDE_25.6.136/ide/plugins/com.nxp.mcuxpresso.tools.win32_25.6.0.202501151204/tools/bin/../lib/gcc/arm-none-eabi/14.2.1/../../../../arm-none-eabi/lib/thumb/v6-m/nofp\libcr_nohost_nf.a(__sys_close.o)
 .debug_aranges
                0x000011e8       0x20 C:/nxp/MCUXpressoIDE_25.6.136/ide/plugins/com.nxp.mcuxpresso.tools.win32_25.6.0.202501151204/tools/bin/../lib/gcc/arm-none-eabi/14.2.1/../../../../arm-none-eabi/lib/thumb/v6-m/nofp\libcr_nohost_nf.a(__sys_flen.o)
 .debug_aranges
                0x00001208       0x20 C:/nxp/MCUXpressoIDE_25.6.136/ide/plugins/com.nxp.mcuxpresso.tools.win32_25.6.0.202501151204/tools/bin/../lib/gcc/arm-none-eabi/14.2.1/../../../../arm-none-eabi/lib/thumb/v6-m/nofp\libcr_nohost_nf.a(__sys_istty.o)
 .debug_aranges
                0x00001228       0x20 C:/nxp/MCUXpressoIDE_25.6.136/ide/plugins/com.nxp.mcuxpresso.tools.win32_25.6.0.202501151204/tools/bin/../lib/gcc/arm-none-eabi/14.2.1/../../../../arm-none-eabi/lib/thumb/v6-m/nofp\libcr_nohost_nf.a(__sys_remove.o)
 .debug_aranges
                0x00001248       0x20 C:/nxp/MCUXpressoIDE_25.6.136/ide/plugins/com.nxp.mcuxpresso.tools.win32_25.6.0.202501151204/tools/bin/../lib/gcc/arm-none-eabi/14.2.1/../../../../arm-none-eabi/lib/thumb/v6-m/nofp\libcr_nohost_nf.a(__sys_seek.o)
 .debug_aranges
                0x00001268       0x20 C:/nxp/MCUXpressoIDE_25.6.136/ide/plugins/com.nxp.mcuxpresso.tools.win32_25.6.0.202501151204/tools/bin/../lib/gcc/arm-none-eabi/14.2.1/../../../../arm-none-eabi/lib/thumb/v6-m/nofp\libcr_nohost_nf.a(__sys_tmpnam.o)

.debug_ranges   0x00000000     0x1028
 .debug_ranges  0x00000000      0x108 ./utilities/str/fsl_str.o
 .debug_ranges  0x00000108       0xa8 ./utilities/debug_console/fsl_debug_console.o
 .debug_ranges  0x000001b0       0x18 ./utilities/fsl_assert.o
 .debug_ranges  0x000001c8      0x150 ./startup/startup_mcxc444.o
 .debug_ranges  0x00000318       0x10 ./source/FinalProject.o
 .debug_ranges  0x00000328       0x48 ./source/light_sensor.o
 .debug_ranges  0x00000370       0x10 ./source/semihost_hardfault.o
 .debug_ranges  0x00000380       0x10 ./source/shared_data.o
 .debug_ranges  0x00000390       0x38 ./source/sound_sensor.o
 .debug_ranges  0x000003c8       0x38 ./source/tap.o
 .debug_ranges  0x00000400       0x60 ./freertos/freertos-kernel/portable/MemMang/heap_4.o
 .debug_ranges  0x00000460       0x60 ./freertos/freertos-kernel/portable/GCC/ARM_CM0/port.o
 .debug_ranges  0x000004c0       0x50 ./freertos/freertos-kernel/portable/GCC/ARM_CM0/portasm.o
 .debug_ranges  0x00000510       0x30 ./freertos/freertos-kernel/list.o
 .debug_ranges  0x00000540      0x130 ./freertos/freertos-kernel/queue.o
 .debug_ranges  0x00000670      0x248 ./freertos/freertos-kernel/tasks.o
 .debug_ranges  0x000008b8       0xf8 ./freertos/freertos-kernel/timers.o
 .debug_ranges  0x000009b0       0xc0 ./drivers/fsl_clock.o
 .debug_ranges  0x00000a70      0x180 ./drivers/fsl_lpuart.o
 .debug_ranges  0x00000bf0       0x20 ./device/system_MCXC444.o
 .debug_ranges  0x00000c10       0x48 ./component/uart/fsl_adapter_lpuart.o
 .debug_ranges  0x00000c58       0x90 ./component/serial_manager/fsl_component_serial_manager.o
 .debug_ranges  0x00000ce8       0x38 ./component/serial_manager/fsl_component_serial_port_uart.o
 .debug_ranges  0x00000d20       0x18 ./board/board.o
 .debug_ranges  0x00000d38       0x38 ./board/clock_config.o
 .debug_ranges  0x00000d70       0x18 ./board/peripherals.o
 .debug_ranges  0x00000d88       0x40 ./board/pin_mux.o
 .debug_ranges  0x00000dc8       0x10 C:/nxp/MCUXpressoIDE_25.6.136/ide/plugins/com.nxp.mcuxpresso.tools.win32_25.6.0.202501151204/tools/bin/../lib/gcc/arm-none-eabi/14.2.1/../../../../arm-none-eabi/lib/thumb/v6-m/nofp\libcr_nohost_nf.a(_cr__main.o)
 .debug_ranges  0x00000dd8       0x10 C:/nxp/MCUXpressoIDE_25.6.136/ide/plugins/com.nxp.mcuxpresso.tools.win32_25.6.0.202501151204/tools/bin/../lib/gcc/arm-none-eabi/14.2.1/../../../../arm-none-eabi/lib/thumb/v6-m/nofp\libcr_c.a(memcpy.o)
 .debug_ranges  0x00000de8       0x10 C:/nxp/MCUXpressoIDE_25.6.136/ide/plugins/com.nxp.mcuxpresso.tools.win32_25.6.0.202501151204/tools/bin/../lib/gcc/arm-none-eabi/14.2.1/../../../../arm-none-eabi/lib/thumb/v6-m/nofp\libcr_c.a(memset.o)
 .debug_ranges  0x00000df8       0x50 C:/nxp/MCUXpressoIDE_25.6.136/ide/plugins/com.nxp.mcuxpresso.tools.win32_25.6.0.202501151204/tools/bin/../lib/gcc/arm-none-eabi/14.2.1/../../../../arm-none-eabi/lib/thumb/v6-m/nofp\libcr_c.a(alloc.o)
 .debug_ranges  0x00000e48       0x38 C:/nxp/MCUXpressoIDE_25.6.136/ide/plugins/com.nxp.mcuxpresso.tools.win32_25.6.0.202501151204/tools/bin/../lib/gcc/arm-none-eabi/14.2.1/../../../../arm-none-eabi/lib/thumb/v6-m/nofp\libcr_c.a(initio.o)
 .debug_ranges  0x00000e80       0x10 C:/nxp/MCUXpressoIDE_25.6.136/ide/plugins/com.nxp.mcuxpresso.tools.win32_25.6.0.202501151204/tools/bin/../lib/gcc/arm-none-eabi/14.2.1/../../../../arm-none-eabi/lib/thumb/v6-m/nofp\libcr_c.a(setvbuf.o)
 .debug_ranges  0x00000e90       0x28 C:/nxp/MCUXpressoIDE_25.6.136/ide/plugins/com.nxp.mcuxpresso.tools.win32_25.6.0.202501151204/tools/bin/../lib/gcc/arm-none-eabi/14.2.1/../../../../arm-none-eabi/lib/thumb/v6-m/nofp\libcr_c.a(strlen.o)
 .debug_ranges  0x00000eb8       0x48 C:/nxp/MCUXpressoIDE_25.6.136/ide/plugins/com.nxp.mcuxpresso.tools.win32_25.6.0.202501151204/tools/bin/../lib/gcc/arm-none-eabi/14.2.1/../../../../arm-none-eabi/lib/thumb/v6-m/nofp\libcr_c.a(_deferredlazyseek.o)
 .debug_ranges  0x00000f00       0x10 C:/nxp/MCUXpressoIDE_25.6.136/ide/plugins/com.nxp.mcuxpresso.tools.win32_25.6.0.202501151204/tools/bin/../lib/gcc/arm-none-eabi/14.2.1/../../../../arm-none-eabi/lib/thumb/v6-m/nofp\libcr_c.a(_fdopen.o)
 .debug_ranges  0x00000f10       0x10 C:/nxp/MCUXpressoIDE_25.6.136/ide/plugins/com.nxp.mcuxpresso.tools.win32_25.6.0.202501151204/tools/bin/../lib/gcc/arm-none-eabi/14.2.1/../../../../arm-none-eabi/lib/thumb/v6-m/nofp\libcr_c.a(_fflush.o)
 .debug_ranges  0x00000f20       0x10 C:/nxp/MCUXpressoIDE_25.6.136/ide/plugins/com.nxp.mcuxpresso.tools.win32_25.6.0.202501151204/tools/bin/../lib/gcc/arm-none-eabi/14.2.1/../../../../arm-none-eabi/lib/thumb/v6-m/nofp\libcr_c.a(_writebuf.o)
 .debug_ranges  0x00000f30       0x10 C:/nxp/MCUXpressoIDE_25.6.136/ide/plugins/com.nxp.mcuxpresso.tools.win32_25.6.0.202501151204/tools/bin/../lib/gcc/arm-none-eabi/14.2.1/../../../../arm-none-eabi/lib/thumb/v6-m/nofp\libcr_c.a(fclose.o)
 .debug_ranges  0x00000f40       0x28 C:/nxp/MCUXpressoIDE_25.6.136/ide/plugins/com.nxp.mcuxpresso.tools.win32_25.6.0.202501151204/tools/bin/../lib/gcc/arm-none-eabi/14.2.1/../../../../arm-none-eabi/lib/thumb/v6-m/nofp\libcr_c.a(fflush.o)
 .debug_ranges  0x00000f68       0x10 C:/nxp/MCUXpressoIDE_25.6.136/ide/plugins/com.nxp.mcuxpresso.tools.win32_25.6.0.202501151204/tools/bin/../lib/gcc/arm-none-eabi/14.2.1/../../../../arm-none-eabi/lib/thumb/v6-m/nofp\libcr_c.a(fseek.o)
 .debug_ranges  0x00000f78       0x10 C:/nxp/MCUXpressoIDE_25.6.136/ide/plugins/com.nxp.mcuxpresso.tools.win32_25.6.0.202501151204/tools/bin/../lib/gcc/arm-none-eabi/14.2.1/../../../../arm-none-eabi/lib/thumb/v6-m/nofp\libcr_c.a(ftell.o)
 .debug_ranges  0x00000f88       0x18 C:/nxp/MCUXpressoIDE_25.6.136/ide/plugins/com.nxp.mcuxpresso.tools.win32_25.6.0.202501151204/tools/bin/../lib/gcc/arm-none-eabi/14.2.1/../../../../arm-none-eabi/lib/thumb/v6-m/nofp\libcr_c.a(remove.o)
 .debug_ranges  0x00000fa0       0x28 C:/nxp/MCUXpressoIDE_25.6.136/ide/plugins/com.nxp.mcuxpresso.tools.win32_25.6.0.202501151204/tools/bin/../lib/gcc/arm-none-eabi/14.2.1/../../../../arm-none-eabi/lib/thumb/v6-m/nofp\libcr_c.a(_do_fflush.o)
 .debug_ranges  0x00000fc8       0x10 C:/nxp/MCUXpressoIDE_25.6.136/ide/plugins/com.nxp.mcuxpresso.tools.win32_25.6.0.202501151204/tools/bin/../lib/gcc/arm-none-eabi/14.2.1/../../../../arm-none-eabi/lib/thumb/v6-m/nofp\libcr_nohost_nf.a(__sys_close.o)
 .debug_ranges  0x00000fd8       0x10 C:/nxp/MCUXpressoIDE_25.6.136/ide/plugins/com.nxp.mcuxpresso.tools.win32_25.6.0.202501151204/tools/bin/../lib/gcc/arm-none-eabi/14.2.1/../../../../arm-none-eabi/lib/thumb/v6-m/nofp\libcr_nohost_nf.a(__sys_flen.o)
 .debug_ranges  0x00000fe8       0x10 C:/nxp/MCUXpressoIDE_25.6.136/ide/plugins/com.nxp.mcuxpresso.tools.win32_25.6.0.202501151204/tools/bin/../lib/gcc/arm-none-eabi/14.2.1/../../../../arm-none-eabi/lib/thumb/v6-m/nofp\libcr_nohost_nf.a(__sys_istty.o)
 .debug_ranges  0x00000ff8       0x10 C:/nxp/MCUXpressoIDE_25.6.136/ide/plugins/com.nxp.mcuxpresso.tools.win32_25.6.0.202501151204/tools/bin/../lib/gcc/arm-none-eabi/14.2.1/../../../../arm-none-eabi/lib/thumb/v6-m/nofp\libcr_nohost_nf.a(__sys_remove.o)
 .debug_ranges  0x00001008       0x10 C:/nxp/MCUXpressoIDE_25.6.136/ide/plugins/com.nxp.mcuxpresso.tools.win32_25.6.0.202501151204/tools/bin/../lib/gcc/arm-none-eabi/14.2.1/../../../../arm-none-eabi/lib/thumb/v6-m/nofp\libcr_nohost_nf.a(__sys_seek.o)
 .debug_ranges  0x00001018       0x10 C:/nxp/MCUXpressoIDE_25.6.136/ide/plugins/com.nxp.mcuxpresso.tools.win32_25.6.0.202501151204/tools/bin/../lib/gcc/arm-none-eabi/14.2.1/../../../../arm-none-eabi/lib/thumb/v6-m/nofp\libcr_nohost_nf.a(__sys_tmpnam.o)

.debug_macro    0x00000000    0x12421
 .debug_macro   0x00000000      0x2b4 ./utilities/str/fsl_str.o
 .debug_macro   0x000002b4      0xaf0 ./utilities/str/fsl_str.o
 .debug_macro   0x00000da4       0x10 ./utilities/str/fsl_str.o
 .debug_macro   0x00000db4       0xc4 ./utilities/str/fsl_str.o
 .debug_macro   0x00000e78       0x1c ./utilities/str/fsl_str.o
 .debug_macro   0x00000e94      0x12e ./utilities/str/fsl_str.o
 .debug_macro   0x00000fc2       0x28 ./utilities/str/fsl_str.o
 .debug_macro   0x00000fea      0x1c7 ./utilities/str/fsl_str.o
 .debug_macro   0x000011b1       0x16 ./utilities/str/fsl_str.o
 .debug_macro   0x000011c7       0x22 ./utilities/str/fsl_str.o
 .debug_macro   0x000011e9      0x5b3 ./utilities/str/fsl_str.o
 .debug_macro   0x0000179c       0x3e ./utilities/str/fsl_str.o
 .debug_macro   0x000017da       0x2e ./utilities/str/fsl_str.o
 .debug_macro   0x00001808       0x10 ./utilities/str/fsl_str.o
 .debug_macro   0x00001818       0x2e ./utilities/str/fsl_str.o
 .debug_macro   0x00001846       0xb4 ./utilities/str/fsl_str.o
 .debug_macro   0x000018fa       0x28 ./utilities/str/fsl_str.o
 .debug_macro   0x00001922      0x3bc ./utilities/str/fsl_str.o
 .debug_macro   0x00001cde       0x3a ./utilities/str/fsl_str.o
 .debug_macro   0x00001d18     0x124f ./utilities/str/fsl_str.o
 .debug_macro   0x00002f67      0x846 ./utilities/str/fsl_str.o
 .debug_macro   0x000037ad      0x3c1 ./utilities/str/fsl_str.o
 .debug_macro   0x00003b6e      0x1ed ./utilities/str/fsl_str.o
 .debug_macro   0x00003d5b      0x16e ./utilities/str/fsl_str.o
 .debug_macro   0x00003ec9      0x247 ./utilities/str/fsl_str.o
 .debug_macro   0x00004110       0x4e ./utilities/str/fsl_str.o
 .debug_macro   0x0000415e       0x88 ./utilities/str/fsl_str.o
 .debug_macro   0x000041e6      0x41b ./utilities/str/fsl_str.o
 .debug_macro   0x00004601      0x280 ./utilities/str/fsl_str.o
 .debug_macro   0x00004881       0x88 ./utilities/str/fsl_str.o
 .debug_macro   0x00004909      0x3bb ./utilities/str/fsl_str.o
 .debug_macro   0x00004cc4      0x691 ./utilities/str/fsl_str.o
 .debug_macro   0x00005355     0x31e6 ./utilities/str/fsl_str.o
 .debug_macro   0x0000853b      0x478 ./utilities/str/fsl_str.o
 .debug_macro   0x000089b3      0x105 ./utilities/str/fsl_str.o
 .debug_macro   0x00008ab8      0x631 ./utilities/str/fsl_str.o
 .debug_macro   0x000090e9      0x199 ./utilities/str/fsl_str.o
 .debug_macro   0x00009282      0x11b ./utilities/str/fsl_str.o
 .debug_macro   0x0000939d      0x2da ./utilities/str/fsl_str.o
 .debug_macro   0x00009677      0x20e ./utilities/str/fsl_str.o
 .debug_macro   0x00009885      0x1ed ./utilities/str/fsl_str.o
 .debug_macro   0x00009a72       0x86 ./utilities/str/fsl_str.o
 .debug_macro   0x00009af8       0xfe ./utilities/str/fsl_str.o
 .debug_macro   0x00009bf6      0x119 ./utilities/str/fsl_str.o
 .debug_macro   0x00009d0f      0x121 ./utilities/str/fsl_str.o
 .debug_macro   0x00009e30      0x1ed ./utilities/str/fsl_str.o
 .debug_macro   0x0000a01d       0x63 ./utilities/str/fsl_str.o
 .debug_macro   0x0000a080      0x112 ./utilities/str/fsl_str.o
 .debug_macro   0x0000a192      0x295 ./utilities/str/fsl_str.o
 .debug_macro   0x0000a427      0x6c4 ./utilities/str/fsl_str.o
 .debug_macro   0x0000aaeb       0xdb ./utilities/str/fsl_str.o
 .debug_macro   0x0000abc6      0x3a6 ./utilities/str/fsl_str.o
 .debug_macro   0x0000af6c      0x366 ./utilities/str/fsl_str.o
 .debug_macro   0x0000b2d2      0x703 ./utilities/str/fsl_str.o
 .debug_macro   0x0000b9d5      0x5d5 ./utilities/str/fsl_str.o
 .debug_macro   0x0000bfaa       0x9b ./utilities/str/fsl_str.o
 .debug_macro   0x0000c045       0x88 ./utilities/str/fsl_str.o
 .debug_macro   0x0000c0cd       0xce ./utilities/str/fsl_str.o
 .debug_macro   0x0000c19b       0xfb ./utilities/str/fsl_str.o
 .debug_macro   0x0000c296       0x16 ./utilities/str/fsl_str.o
 .debug_macro   0x0000c2ac      0x3d6 ./utilities/debug_console/fsl_debug_console.o
 .debug_macro   0x0000c682       0x16 ./utilities/debug_console/fsl_debug_console.o
 .debug_macro   0x0000c698       0x10 ./utilities/debug_console/fsl_debug_console.o
 .debug_macro   0x0000c6a8       0x3c ./utilities/debug_console/fsl_debug_console.o
 .debug_macro   0x0000c6e4       0x1c ./utilities/debug_console/fsl_debug_console.o
 .debug_macro   0x0000c700       0x70 ./utilities/debug_console/fsl_debug_console.o
 .debug_macro   0x0000c770       0x1c ./utilities/debug_console/fsl_debug_console.o
 .debug_macro   0x0000c78c      0x180 ./utilities/debug_console/fsl_debug_console.o
 .debug_macro   0x0000c90c       0x1c ./utilities/debug_console/fsl_debug_console.o
 .debug_macro   0x0000c928       0x1c ./utilities/debug_console/fsl_debug_console.o